Component: ARM Compiler 5.06 update 7 (build 960) Tool: armlink [4d3601]

==============================================================================

Section Cross References

    startup_stm32l431xx.o(RESET) refers to startup_stm32l431xx.o(STACK) for __initial_sp
    startup_stm32l431xx.o(RESET) refers to startup_stm32l431xx.o(.text) for Reset_Handler
    startup_stm32l431xx.o(RESET) refers to stm32l4xx_it.o(i.NMI_Handler) for NMI_Handler
    startup_stm32l431xx.o(RESET) refers to stm32l4xx_it.o(i.HardFault_Handler) for HardFault_Handler
    startup_stm32l431xx.o(RESET) refers to stm32l4xx_it.o(i.MemManage_Handler) for MemManage_Handler
    startup_stm32l431xx.o(RESET) refers to stm32l4xx_it.o(i.BusFault_Handler) for BusFault_Handler
    startup_stm32l431xx.o(RESET) refers to stm32l4xx_it.o(i.UsageFault_Handler) for UsageFault_Handler
    startup_stm32l431xx.o(RESET) refers to port.o(.emb_text) for SVC_Handler
    startup_stm32l431xx.o(RESET) refers to stm32l4xx_it.o(i.DebugMon_Handler) for DebugMon_Handler
    startup_stm32l431xx.o(RESET) refers to cmsis_os2.o(i.SysTick_Handler) for SysTick_Handler
    startup_stm32l431xx.o(RESET) refers to stm32l4xx_it.o(i.TIM1_UP_TIM16_IRQHandler) for TIM1_UP_TIM16_IRQHandler
    startup_stm32l431xx.o(RESET) refers to stm32l4xx_it.o(i.USART1_IRQHandler) for USART1_IRQHandler
    startup_stm32l431xx.o(RESET) refers to stm32l4xx_it.o(i.USART2_IRQHandler) for USART2_IRQHandler
    startup_stm32l431xx.o(RESET) refers to stm32l4xx_it.o(i.USART3_IRQHandler) for USART3_IRQHandler
    startup_stm32l431xx.o(.text) refers to system_stm32l4xx.o(i.SystemInit) for SystemInit
    startup_stm32l431xx.o(.text) refers to entry.o(.ARM.Collect$$$$00000000) for __main
    main.o(i.HAL_TIM_PeriodElapsedCallback) refers to stm32l4xx_hal.o(i.HAL_IncTick) for HAL_IncTick
    main.o(i.SystemClock_Config) refers to memseta.o(.text) for __aeabi_memclr4
    main.o(i.SystemClock_Config) refers to stm32l4xx_hal_pwr_ex.o(i.HAL_PWREx_ControlVoltageScaling) for HAL_PWREx_ControlVoltageScaling
    main.o(i.SystemClock_Config) refers to main.o(i.Error_Handler) for Error_Handler
    main.o(i.SystemClock_Config) refers to stm32l4xx_hal_rcc.o(i.HAL_RCC_OscConfig) for HAL_RCC_OscConfig
    main.o(i.SystemClock_Config) refers to stm32l4xx_hal_rcc.o(i.HAL_RCC_ClockConfig) for HAL_RCC_ClockConfig
    main.o(i.main) refers to stm32l4xx_hal.o(i.HAL_Init) for HAL_Init
    main.o(i.main) refers to main.o(i.SystemClock_Config) for SystemClock_Config
    main.o(i.main) refers to gpio.o(i.MX_GPIO_Init) for MX_GPIO_Init
    main.o(i.main) refers to i2c.o(i.MX_I2C1_Init) for MX_I2C1_Init
    main.o(i.main) refers to i2c.o(i.MX_I2C2_Init) for MX_I2C2_Init
    main.o(i.main) refers to i2c.o(i.MX_I2C3_Init) for MX_I2C3_Init
    main.o(i.main) refers to iwdg.o(i.MX_IWDG_Init) for MX_IWDG_Init
    main.o(i.main) refers to usart.o(i.MX_USART1_UART_Init) for MX_USART1_UART_Init
    main.o(i.main) refers to usart.o(i.MX_USART2_UART_Init) for MX_USART2_UART_Init
    main.o(i.main) refers to usart.o(i.MX_USART3_UART_Init) for MX_USART3_UART_Init
    main.o(i.main) refers to oled.o(i.OLED_Init) for OLED_Init
    main.o(i.main) refers to oled.o(i.OLED_Clear) for OLED_Clear
    main.o(i.main) refers to cmsis_os2.o(i.osKernelInitialize) for osKernelInitialize
    main.o(i.main) refers to freertos.o(i.MX_FREERTOS_Init) for MX_FREERTOS_Init
    main.o(i.main) refers to cmsis_os2.o(i.osKernelStart) for osKernelStart
    main.o(i.main) refers to oled.o(i.OLED_ShowString) for OLED_ShowString
    main.o(i.main) refers to oled.o(i.OLED_ShowChar) for OLED_ShowChar
    freertos.o(i.MX_FREERTOS_Init) refers to cmsis_os2.o(i.osThreadNew) for osThreadNew
    freertos.o(i.MX_FREERTOS_Init) refers to freertos.o(.constdata) for defaultTask_attributes
    freertos.o(i.MX_FREERTOS_Init) refers to freertos.o(i.StartDefaultTask) for StartDefaultTask
    freertos.o(i.MX_FREERTOS_Init) refers to freertos.o(.data) for defaultTaskHandle
    freertos.o(i.StartDefaultTask) refers to cmsis_os2.o(i.osDelay) for osDelay
    freertos.o(.constdata) refers to freertos.o(.conststring) for .conststring
    i2c.o(i.HAL_I2C_MspDeInit) refers to stm32l4xx_hal_gpio.o(i.HAL_GPIO_DeInit) for HAL_GPIO_DeInit
    i2c.o(i.HAL_I2C_MspInit) refers to memseta.o(.text) for __aeabi_memclr4
    i2c.o(i.HAL_I2C_MspInit) refers to stm32l4xx_hal_rcc_ex.o(i.HAL_RCCEx_PeriphCLKConfig) for HAL_RCCEx_PeriphCLKConfig
    i2c.o(i.HAL_I2C_MspInit) refers to main.o(i.Error_Handler) for Error_Handler
    i2c.o(i.HAL_I2C_MspInit) refers to stm32l4xx_hal_gpio.o(i.HAL_GPIO_Init) for HAL_GPIO_Init
    i2c.o(i.MX_I2C1_Init) refers to stm32l4xx_hal_i2c.o(i.HAL_I2C_Init) for HAL_I2C_Init
    i2c.o(i.MX_I2C1_Init) refers to main.o(i.Error_Handler) for Error_Handler
    i2c.o(i.MX_I2C1_Init) refers to stm32l4xx_hal_i2c_ex.o(i.HAL_I2CEx_ConfigAnalogFilter) for HAL_I2CEx_ConfigAnalogFilter
[...]
    ..\Drivers\STM32L4xx_HAL_Driver\Src\stm32l4xx_hal_dma_ex.c 0x00000000   Number         0  stm32l4xx_hal_dma_ex.o ABSOLUTE
    ..\Drivers\STM32L4xx_HAL_Driver\Src\stm32l4xx_hal_exti.c 0x00000000   Number         0  stm32l4xx_hal_exti.o ABSOLUTE
    ..\Drivers\STM32L4xx_HAL_Driver\Src\stm32l4xx_hal_flash.c 0x00000000   Number         0  stm32l4xx_hal_flash.o ABSOLUTE
    ..\Drivers\STM32L4xx_HAL_Driver\Src\stm32l4xx_hal_flash_ex.c 0x00000000   Number         0  stm32l4xx_hal_flash_ex.o ABSOLUTE
    ..\Drivers\STM32L4xx_HAL_Driver\Src\stm32l4xx_hal_flash_ramfunc.c 0x00000000   Number         0  stm32l4xx_hal_flash_ramfunc.o ABSOLUTE
    ..\Drivers\STM32L4xx_HAL_Driver\Src\stm32l4xx_hal_gpio.c 0x00000000   Number         0  stm32l4xx_hal_gpio.o ABSOLUTE
    ..\Drivers\STM32L4xx_HAL_Driver\Src\stm32l4xx_hal_i2c.c 0x00000000   Number         0  stm32l4xx_hal_i2c.o ABSOLUTE
    ..\Drivers\STM32L4xx_HAL_Driver\Src\stm32l4xx_hal_i2c_ex.c 0x00000000   Number         0  stm32l4xx_hal_i2c_ex.o ABSOLUTE
    ..\Drivers\STM32L4xx_HAL_Driver\Src\stm32l4xx_hal_iwdg.c 0x00000000   Number         0  stm32l4xx_hal_iwdg.o ABSOLUTE
    ..\Drivers\STM32L4xx_HAL_Driver\Src\stm32l4xx_hal_pwr.c 0x00000000   Number         0  stm32l4xx_hal_pwr.o ABSOLUTE
    ..\Drivers\STM32L4xx_HAL_Driver\Src\stm32l4xx_hal_pwr_ex.c 0x00000000   Number         0  stm32l4xx_hal_pwr_ex.o ABSOLUTE
    ..\Drivers\STM32L4xx_HAL_Driver\Src\stm32l4xx_hal_rcc.c 0x00000000   Number         0  stm32l4xx_hal_rcc.o ABSOLUTE
    ..\Drivers\STM32L4xx_HAL_Driver\Src\stm32l4xx_hal_rcc_ex.c 0x00000000   Number         0  stm32l4xx_hal_rcc_ex.o ABSOLUTE
    ..\Drivers\STM32L4xx_HAL_Driver\Src\stm32l4xx_hal_tim.c 0x00000000   Number         0  stm32l4xx_hal_tim.o ABSOLUTE
    ..\Drivers\STM32L4xx_HAL_Driver\Src\stm32l4xx_hal_tim_ex.c 0x00000000   Number         0  stm32l4xx_hal_tim_ex.o ABSOLUTE
    ..\Drivers\STM32L4xx_HAL_Driver\Src\stm32l4xx_hal_uart.c 0x00000000   Number         0  stm32l4xx_hal_uart.o ABSOLUTE
    ..\Drivers\STM32L4xx_HAL_Driver\Src\stm32l4xx_hal_uart_ex.c 0x00000000   Number         0  stm32l4xx_hal_uart_ex.o ABSOLUTE
    ..\Middlewares\Third_Party\FreeRTOS\Source\CMSIS_RTOS_V2\cmsis_os2.c 0x00000000   Number         0  cmsis_os2.o ABSOLUTE
    ..\Middlewares\Third_Party\FreeRTOS\Source\portable\RVDS\ARM_CM4F\port.c 0x00000000   Number         0  port.o ABSOLUTE
    SCH_Schematic\Scr\oled.c                 0x00000000   Number         0  oled.o ABSOLUTE
    SCH_Schematic\Scr\softwareIIC.c          0x00000000   Number         0  softwareiic.o ABSOLUTE
    SCH_Schematic\\Scr\\oled.c               0x00000000   Number         0  oled.o ABSOLUTE
    SCH_Schematic\\Scr\\softwareIIC.c        0x00000000   Number         0  softwareiic.o ABSOLUTE
    cdcmple.s                                0x00000000   Number         0  cdcmple.o ABSOLUTE
    cdrcmple.s                               0x00000000   Number         0  cdrcmple.o ABSOLUTE
    dc.s                                     0x00000000   Number         0  dc.o ABSOLUTE
    handlers.s                               0x00000000   Number         0  handlers.o ABSOLUTE
    init.s                                   0x00000000   Number         0  init.o ABSOLUTE
    startup_stm32l431xx.s                    0x00000000   Number         0  startup_stm32l431xx.o ABSOLUTE
    RESET                                    0x08000000   Section      396  startup_stm32l431xx.o(RESET)
    .ARM.Collect$$$$00000000                 0x0800018c   Section        0  entry.o(.ARM.Collect$$$$00000000)
    .ARM.Collect$$$$00000001                 0x0800018c   Section        4  entry2.o(.ARM.Collect$$$$00000001)
    .ARM.Collect$$$$00000004                 0x08000190   Section        4  entry5.o(.ARM.Collect$$$$00000004)
    .ARM.Collect$$$$00000008                 0x08000194   Section        0  entry7b.o(.ARM.Collect$$$$00000008)
    .ARM.Collect$$$$0000000A                 0x08000194   Section        0  entry8b.o(.ARM.Collect$$$$0000000A)
    .ARM.Collect$$$$0000000B                 0x08000194   Section        8  entry9a.o(.ARM.Collect$$$$0000000B)
    .ARM.Collect$$$$0000000E                 0x0800019c   Section        4  entry12b.o(.ARM.Collect$$$$0000000E)
    .ARM.Collect$$$$0000000F                 0x080001a0   Section        0  entry10a.o(.ARM.Collect$$$$0000000F)
    .ARM.Collect$$$$00000011                 0x080001a0   Section        0  entry11a.o(.ARM.Collect$$$$00000011)
    .ARM.Collect$$$$00002712                 0x080001a0   Section        4  entry2.o(.ARM.Collect$$$$00002712)
    __lit__00000000                          0x080001a0   Data           4  entry2.o(.ARM.Collect$$$$00002712)
    .emb_text                                0x080001a4   Section      190  port.o(.emb_text)
    $v0                                      0x080001a4   Number         0  port.o(.emb_text)
    .text                                    0x08000284   Section       36  startup_stm32l431xx.o(.text)
    $v0                                      0x08000284   Number         0  startup_stm32l431xx.o(.text)
    .text                                    0x080002a8   Section        0  uldiv.o(.text)
    .text                                    0x08000310   Section        0  memcpya.o(.text)
    .text                                    0x08000334   Section        0  memseta.o(.text)
    .text                                    0x08000358   Section        0  llshl.o(.text)
    .text                                    0x08000376   Section        0  llushr.o(.text)
    .text                                    0x08000398   Section       36  init.o(.text)
    i.BusFault_Handler                       0x080003bc   Section        0  stm32l4xx_it.o(i.BusFault_Handler)
    i.DebugMon_Handler                       0x080003c0   Section        0  stm32l4xx_it.o(i.DebugMon_Handler)
    i.Error_Handler                          0x080003c2   Section        0  main.o(i.Error_Handler)
    i.HAL_DMA_Abort                          0x080003c8   Section        0  stm32l4xx_hal_dma.o(i.HAL_DMA_Abort)
    i.HAL_DMA_Abort_IT                       0x08000422   Section        0  stm32l4xx_hal_dma.o(i.HAL_DMA_Abort_IT)
    i.HAL_Delay                              0x08000480   Section        0  stm32l4xx_hal.o(i.HAL_Delay)
    i.HAL_GPIO_Init                          0x080004a8   Section        0  stm32l4xx_hal_gpio.o(i.HAL_GPIO_Init)
    i.HAL_GPIO_WritePin                      0x08000668   Section        0  stm32l4xx_hal_gpio.o(i.HAL_GPIO_WritePin)
    i.HAL_GetTick                            0x08000674   Section        0  stm32l4xx_hal.o(i.HAL_GetTick)
    i.HAL_I2CEx_ConfigAnalogFilter           0x08000680   Section        0  stm32l4xx_hal_i2c_ex.o(i.HAL_I2CEx_ConfigAnalogFilter)
    i.HAL_I2CEx_ConfigDigitalFilter          0x080006ea   Section        0  stm32l4xx_hal_i2c_ex.o(i.HAL_I2CEx_ConfigDigitalFilter)
    i.HAL_I2C_Init                           0x08000754   Section        0  stm32l4xx_hal_i2c.o(i.HAL_I2C_Init)
    i.HAL_I2C_MspInit                        0x0800082c   Section        0  i2c.o(i.HAL_I2C_MspInit)
    i.HAL_IWDG_Init                          0x080009b0   Section        0  stm32l4xx_hal_iwdg.o(i.HAL_IWDG_Init)
    i.HAL_IncTick                            0x08000a24   Section        0  stm32l4xx_hal.o(i.HAL_IncTick)
    i.HAL_Init                               0x08000a3c   Section        0  stm32l4xx_hal.o(i.HAL_Init)
    i.HAL_InitTick                           0x08000a5c   Section        0  stm32l4xx_hal_timebase_tim.o(i.HAL_InitTick)
    i.HAL_MspInit                            0x08000af8   Section        0  stm32l4xx_hal_msp.o(i.HAL_MspInit)
    i.HAL_NVIC_EnableIRQ                     0x08000b40   Section        0  stm32l4xx_hal_cortex.o(i.HAL_NVIC_EnableIRQ)
    i.HAL_NVIC_SetPriority                   0x08000b68   Section        0  stm32l4xx_hal_cortex.o(i.HAL_NVIC_SetPriority)
    i.HAL_NVIC_SetPriorityGrouping           0x08000bec   Section        0  stm32l4xx_hal_cortex.o(i.HAL_NVIC_SetPriorityGrouping)
    i.HAL_PWREx_ControlVoltageScaling        0x08000c14   Section        0  stm32l4xx_hal_pwr_ex.o(i.HAL_PWREx_ControlVoltageScaling)
    i.HAL_PWREx_GetVoltageRange              0x08000ca0   Section        0  stm32l4xx_hal_pwr_ex.o(i.HAL_PWREx_GetVoltageRange)
    i.HAL_RCCEx_PeriphCLKConfig              0x08000cb0   Section        0  stm32l4xx_hal_rcc_ex.o(i.HAL_RCCEx_PeriphCLKConfig)
    i.HAL_RCC_ClockConfig                    0x08001038   Section        0  stm32l4xx_hal_rcc.o(i.HAL_RCC_ClockConfig)
    i.HAL_RCC_GetClockConfig                 0x080011ec   Section        0  stm32l4xx_hal_rcc.o(i.HAL_RCC_GetClockConfig)
    i.HAL_RCC_GetHCLKFreq                    0x08001230   Section        0  stm32l4xx_hal_rcc.o(i.HAL_RCC_GetHCLKFreq)
    i.HAL_RCC_GetPCLK1Freq                   0x0800123c   Section        0  stm32l4xx_hal_rcc.o(i.HAL_RCC_GetPCLK1Freq)
    i.HAL_RCC_GetPCLK2Freq                   0x08001260   Section        0  stm32l4xx_hal_rcc.o(i.HAL_RCC_GetPCLK2Freq)
    i.HAL_RCC_GetSysClockFreq                0x08001284   Section        0  stm32l4xx_hal_rcc.o(i.HAL_RCC_GetSysClockFreq)
    i.HAL_RCC_OscConfig                      0x08001370   Section        0  stm32l4xx_hal_rcc.o(i.HAL_RCC_OscConfig)
    i.HAL_TIMEx_Break2Callback               0x08001ac0   Section        0  stm32l4xx_hal_tim_ex.o(i.HAL_TIMEx_Break2Callback)
    i.HAL_TIMEx_BreakCallback                0x08001ac2   Section        0  stm32l4xx_hal_tim_ex.o(i.HAL_TIMEx_BreakCallback)
    i.HAL_TIMEx_CommutCallback               0x08001ac4   Section        0  stm32l4xx_hal_tim_ex.o(i.HAL_TIMEx_CommutCallback)
    i.HAL_TIM_Base_Init                      0x08001ac6   Section        0  stm32l4xx_hal_tim.o(i.HAL_TIM_Base_Init)
    i.HAL_TIM_Base_MspInit                   0x08001b34   Section        0  stm32l4xx_hal_tim.o(i.HAL_TIM_Base_MspInit)
    i.HAL_TIM_Base_Start_IT                  0x08001b38   Section        0  stm32l4xx_hal_tim.o(i.HAL_TIM_Base_Start_IT)
    i.HAL_TIM_IC_CaptureCallback             0x08001bb0   Section        0  stm32l4xx_hal_tim.o(i.HAL_TIM_IC_CaptureCallback)
    i.HAL_TIM_IRQHandler                     0x08001bb2   Section        0  stm32l4xx_hal_tim.o(i.HAL_TIM_IRQHandler)
    i.HAL_TIM_OC_DelayElapsedCallback        0x08001d4a   Section        0  stm32l4xx_hal_tim.o(i.HAL_TIM_OC_DelayElapsedCallback)
    i.HAL_TIM_PWM_PulseFinishedCallback      0x08001d4c   Section        0  stm32l4xx_hal_tim.o(i.HAL_TIM_PWM_PulseFinishedCallback)
    i.HAL_TIM_PeriodElapsedCallback          0x08001d50   Section        0  main.o(i.HAL_TIM_PeriodElapsedCallback)
    i.HAL_TIM_TriggerCallback                0x08001d68   Section        0  stm32l4xx_hal_tim.o(i.HAL_TIM_TriggerCallback)
    i.HAL_UARTEx_RxEventCallback             0x08001d6a   Section        0  stm32l4xx_hal_uart.o(i.HAL_UARTEx_RxEventCallback)
    i.HAL_UARTEx_WakeupCallback              0x08001d6c   Section        0  stm32l4xx_hal_uart_ex.o(i.HAL_UARTEx_WakeupCallback)
    i.HAL_UART_ErrorCallback                 0x08001d6e   Section        0  stm32l4xx_hal_uart.o(i.HAL_UART_ErrorCallback)
    i.HAL_UART_IRQHandler                    0x08001d70   Section        0  stm32l4xx_hal_uart.o(i.HAL_UART_IRQHandler)
    i.HAL_UART_Init                          0x080020ec   Section        0  stm32l4xx_hal_uart.o(i.HAL_UART_Init)
    i.HAL_UART_MspInit                       0x08002160   Section        0  usart.o(i.HAL_UART_MspInit)
    i.HAL_UART_TxCpltCallback                0x08002314   Section        0  stm32l4xx_hal_uart.o(i.HAL_UART_TxCpltCallback)
    i.HardFault_Handler                      0x08002316   Section        0  stm32l4xx_it.o(i.HardFault_Handler)
    i.IIC_Start                              0x0800231c   Section        0  oled.o(i.IIC_Start)
    i.IIC_Stop                               0x0800234c   Section        0  oled.o(i.IIC_Stop)
    i.IIC_Wait_Ack                           0x08002374   Section        0  oled.o(i.IIC_Wait_Ack)
    i.MX_FREERTOS_Init                       0x08002390   Section        0  freertos.o(i.MX_FREERTOS_Init)
    i.MX_GPIO_Init                           0x080023b0   Section        0  gpio.o(i.MX_GPIO_Init)
    i.MX_I2C1_Init                           0x08002424   Section        0  i2c.o(i.MX_I2C1_Init)
    i.MX_I2C2_Init                           0x0800247c   Section        0  i2c.o(i.MX_I2C2_Init)
    i.MX_I2C3_Init                           0x080024d4   Section        0  i2c.o(i.MX_I2C3_Init)
    i.MX_IWDG_Init                           0x0800252c   Section        0  iwdg.o(i.MX_IWDG_Init)
    i.MX_USART1_UART_Init                    0x08002558   Section        0  usart.o(i.MX_USART1_UART_Init)
    i.MX_USART2_UART_Init                    0x08002598   Section        0  usart.o(i.MX_USART2_UART_Init)
    i.MX_USART3_UART_Init                    0x080025d8   Section        0  usart.o(i.MX_USART3_UART_Init)
    i.MemManage_Handler                      0x08002618   Section        0  stm32l4xx_it.o(i.MemManage_Handler)
    i.NMI_Handler                            0x0800261c   Section        0  stm32l4xx_it.o(i.NMI_Handler)
    i.OLED_Clear                             0x08002620   Section        0  oled.o(i.OLED_Clear)
    i.OLED_Init                              0x08002660   Section        0  oled.o(i.OLED_Init)
    i.OLED_Set_Pos                           0x08002798   Section        0  oled.o(i.OLED_Set_Pos)
    i.OLED_ShowChar                          0x080027c8   Section        0  oled.o(i.OLED_ShowChar)
    i.OLED_ShowString                        0x0800286c   Section        0  oled.o(i.OLED_ShowString)
    i.OLED_WR_Byte                           0x080028a6   Section        0  oled.o(i.OLED_WR_Byte)
    i.RCCEx_PLLSAI1_Config                   0x080028c0   Section        0  stm32l4xx_hal_rcc_ex.o(i.RCCEx_PLLSAI1_Config)
    RCCEx_PLLSAI1_Config                     0x080028c1   Thumb Code   376  stm32l4xx_hal_rcc_ex.o(i.RCCEx_PLLSAI1_Config)
    i.RCC_SetFlashLatencyFromMSIRange        0x08002a48   Section        0  stm32l4xx_hal_rcc.o(i.RCC_SetFlashLatencyFromMSIRange)
    RCC_SetFlashLatencyFromMSIRange          0x08002a49   Thumb Code   148  stm32l4xx_hal_rcc.o(i.RCC_SetFlashLatencyFromMSIRange)
    i.StartDefaultTask                       0x08002ae4   Section        0  freertos.o(i.StartDefaultTask)
    i.SysTick_Handler                        0x08002aee   Section        0  cmsis_os2.o(i.SysTick_Handler)
    i.SystemClock_Config                     0x08002b04   Section        0  main.o(i.SystemClock_Config)
    i.SystemInit                             0x08002b7c   Section        0  system_stm32l4xx.o(i.SystemInit)
    i.TIM1_UP_TIM16_IRQHandler               0x08002b90   Section        0  stm32l4xx_it.o(i.TIM1_UP_TIM16_IRQHandler)
    i.TIM_Base_SetConfig                     0x08002ba0   Section        0  stm32l4xx_hal_tim.o(i.TIM_Base_SetConfig)
    i.UART_AdvFeatureConfig                  0x08002c24   Section        0  stm32l4xx_hal_uart.o(i.UART_AdvFeatureConfig)
    i.UART_CheckIdleState                    0x08002d1c   Section        0  stm32l4xx_hal_uart.o(i.UART_CheckIdleState)
    i.UART_DMAAbortOnError                   0x08002e02   Section        0  stm32l4xx_hal_uart.o(i.UART_DMAAbortOnError)
    UART_DMAAbortOnError                     0x08002e03   Thumb Code    24  stm32l4xx_hal_uart.o(i.UART_DMAAbortOnError)
    i.UART_EndRxTransfer                     0x08002e1a   Section        0  stm32l4xx_hal_uart.o(i.UART_EndRxTransfer)
    UART_EndRxTransfer                       0x08002e1b   Thumb Code   102  stm32l4xx_hal_uart.o(i.UART_EndRxTransfer)
    i.UART_EndTransmit_IT                    0x08002e80   Section        0  stm32l4xx_hal_uart.o(i.UART_EndTransmit_IT)
    UART_EndTransmit_IT                      0x08002e81   Thumb Code    46  stm32l4xx_hal_uart.o(i.UART_EndTransmit_IT)
    i.UART_SetConfig                         0x08002eb0   Section        0  stm32l4xx_hal_uart.o(i.UART_SetConfig)
    i.UART_WaitOnFlagUntilTimeout            0x080031a6   Section        0  stm32l4xx_hal_uart.o(i.UART_WaitOnFlagUntilTimeout)
    i.USART1_IRQHandler                      0x08003254   Section        0  stm32l4xx_it.o(i.USART1_IRQHandler)
    i.USART2_IRQHandler                      0x08003264   Section        0  stm32l4xx_it.o(i.USART2_IRQHandler)
    i.USART3_IRQHandler                      0x08003274   Section        0  stm32l4xx_it.o(i.USART3_IRQHandler)
    i.UsageFault_Handler                     0x08003284   Section        0  stm32l4xx_it.o(i.UsageFault_Handler)
    i.Write_IIC_Byte                         0x08003288   Section        0  oled.o(i.Write_IIC_Byte)
    i.Write_IIC_Command                      0x080032e8   Section        0  oled.o(i.Write_IIC_Command)
    i.Write_IIC_Data                         0x08003314   Section        0  oled.o(i.Write_IIC_Data)
    i.__NVIC_GetPriorityGrouping             0x08003340   Section        0  stm32l4xx_hal_cortex.o(i.__NVIC_GetPriorityGrouping)
    __NVIC_GetPriorityGrouping               0x08003341   Thumb Code    10  stm32l4xx_hal_cortex.o(i.__NVIC_GetPriorityGrouping)
    i.__NVIC_SetPriority                     0x08003350   Section        0  stm32l4xx_hal_cortex.o(i.__NVIC_SetPriority)
    __NVIC_SetPriority                       0x08003351   Thumb Code    32  stm32l4xx_hal_cortex.o(i.__NVIC_SetPriority)
    i.__get_IPSR                             0x08003378   Section        0  cmsis_os2.o(i.__get_IPSR)
    __get_IPSR                               0x08003379   Thumb Code     6  cmsis_os2.o(i.__get_IPSR)
    i.__scatterload_copy                     0x0800337e   Section       14  handlers.o(i.__scatterload_copy)
    i.__scatterload_null                     0x0800338c   Section        2  handlers.o(i.__scatterload_null)
    i.__scatterload_zeroinit                 0x0800338e   Section       14  handlers.o(i.__scatterload_zeroinit)
    i.main                                   0x0800339c   Section        0  main.o(i.main)
    i.osDelay                                0x08003448   Section        0  cmsis_os2.o(i.osDelay)
    i.osKernelInitialize                     0x08003468   Section        0  cmsis_os2.o(i.osKernelInitialize)
    i.osKernelStart                          0x08003494   Section        0  cmsis_os2.o(i.osKernelStart)
    i.osThreadNew                            0x080034f4   Section        0  cmsis_os2.o(i.osThreadNew)
    i.prvAddCurrentTaskToDelayedList         0x080035ac   Section        0  tasks.o(i.prvAddCurrentTaskToDelayedList)
    prvAddCurrentTaskToDelayedList           0x080035ad   Thumb Code   100  tasks.o(i.prvAddCurrentTaskToDelayedList)
    i.prvAddNewTaskToReadyList               0x08003628   Section        0  tasks.o(i.prvAddNewTaskToReadyList)
    prvAddNewTaskToReadyList                 0x08003629   Thumb Code   154  tasks.o(i.prvAddNewTaskToReadyList)
    i.prvCheckForValidListAndQueue           0x080036e0   Section        0  timers.o(i.prvCheckForValidListAndQueue)
    prvCheckForValidListAndQueue             0x080036e1   Thumb Code    78  timers.o(i.prvCheckForValidListAndQueue)
    i.prvCheckTasksWaitingTermination        0x08003754   Section        0  tasks.o(i.prvCheckTasksWaitingTermination)
    prvCheckTasksWaitingTermination          0x08003755   Thumb Code    60  tasks.o(i.prvCheckTasksWaitingTermination)
    i.prvCopyDataFromQueue                   0x0800379c   Section        0  queue.o(i.prvCopyDataFromQueue)
    prvCopyDataFromQueue                     0x0800379d   Thumb Code    42  queue.o(i.prvCopyDataFromQueue)
    i.prvCopyDataToQueue                     0x080037c6   Section        0  queue.o(i.prvCopyDataToQueue)
    prvCopyDataToQueue                       0x080037c7   Thumb Code   126  queue.o(i.prvCopyDataToQueue)
    i.prvDeleteTCB                           0x08003844   Section        0  tasks.o(i.prvDeleteTCB)
    prvDeleteTCB                             0x08003845   Thumb Code    80  tasks.o(i.prvDeleteTCB)
    i.prvGetNextExpireTime                   0x08003894   Section        0  timers.o(i.prvGetNextExpireTime)
    prvGetNextExpireTime                     0x08003895   Thumb Code    36  timers.o(i.prvGetNextExpireTime)
    i.prvHeapInit                            0x080038bc   Section        0  heap_4.o(i.prvHeapInit)
    prvHeapInit                              0x080038bd   Thumb Code    98  heap_4.o(i.prvHeapInit)
    i.prvIdleTask                            0x08003938   Section        0  tasks.o(i.prvIdleTask)
    prvIdleTask                              0x08003939   Thumb Code    32  tasks.o(i.prvIdleTask)
    i.prvInitialiseNewQueue                  0x08003960   Section        0  queue.o(i.prvInitialiseNewQueue)
    prvInitialiseNewQueue                    0x08003961   Thumb Code    42  queue.o(i.prvInitialiseNewQueue)
    i.prvInitialiseNewTask                   0x0800398a   Section        0  tasks.o(i.prvInitialiseNewTask)
    prvInitialiseNewTask                     0x0800398b   Thumb Code   190  tasks.o(i.prvInitialiseNewTask)
    i.prvInitialiseTaskLists                 0x08003a50   Section        0  tasks.o(i.prvInitialiseTaskLists)
    prvInitialiseTaskLists                   0x08003a51   Thumb Code    70  tasks.o(i.prvInitialiseTaskLists)
    i.prvInsertBlockIntoFreeList             0x08003ab8   Section        0  heap_4.o(i.prvInsertBlockIntoFreeList)
    prvInsertBlockIntoFreeList               0x08003ab9   Thumb Code    96  heap_4.o(i.prvInsertBlockIntoFreeList)
    i.prvInsertTimerInActiveList             0x08003b20   Section        0  timers.o(i.prvInsertTimerInActiveList)
    prvInsertTimerInActiveList               0x08003b21   Thumb Code    80  timers.o(i.prvInsertTimerInActiveList)
    i.prvIsQueueEmpty                        0x08003b78   Section        0  queue.o(i.prvIsQueueEmpty)
    prvIsQueueEmpty                          0x08003b79   Thumb Code    26  queue.o(i.prvIsQueueEmpty)
    i.prvIsQueueFull                         0x08003b92   Section        0  queue.o(i.prvIsQueueFull)
    prvIsQueueFull                           0x08003b93   Thumb Code    30  queue.o(i.prvIsQueueFull)
    i.prvProcessExpiredTimer                 0x08003bb0   Section        0  timers.o(i.prvProcessExpiredTimer)
    prvProcessExpiredTimer                   0x08003bb1   Thumb Code   110  timers.o(i.prvProcessExpiredTimer)
    i.prvProcessReceivedCommands             0x08003c24   Section        0  timers.o(i.prvProcessReceivedCommands)
    prvProcessReceivedCommands               0x08003c25   Thumb Code   350  timers.o(i.prvProcessReceivedCommands)
    i.prvProcessTimerOrBlockTask             0x08003d88   Section        0  timers.o(i.prvProcessTimerOrBlockTask)
    prvProcessTimerOrBlockTask               0x08003d89   Thumb Code   102  timers.o(i.prvProcessTimerOrBlockTask)
    i.prvResetNextTaskUnblockTime            0x08003dfc   Section        0  tasks.o(i.prvResetNextTaskUnblockTime)
    prvResetNextTaskUnblockTime              0x08003dfd   Thumb Code    42  tasks.o(i.prvResetNextTaskUnblockTime)
    i.prvSampleTimeNow                       0x08003e30   Section        0  timers.o(i.prvSampleTimeNow)
    prvSampleTimeNow                         0x08003e31   Thumb Code    40  timers.o(i.prvSampleTimeNow)
    i.prvSwitchTimerLists                    0x08003e5c   Section        0  timers.o(i.prvSwitchTimerLists)
    prvSwitchTimerLists                      0x08003e5d   Thumb Code   154  timers.o(i.prvSwitchTimerLists)
    i.prvTaskExitError                       0x08003f00   Section        0  port.o(i.prvTaskExitError)
    prvTaskExitError                         0x08003f01   Thumb Code    60  port.o(i.prvTaskExitError)
    i.prvTimerTask                           0x08003f40   Section        0  timers.o(i.prvTimerTask)
    prvTimerTask                             0x08003f41   Thumb Code    26  timers.o(i.prvTimerTask)
    i.prvUnlockQueue                         0x08003f5a   Section        0  queue.o(i.prvUnlockQueue)
    prvUnlockQueue                           0x08003f5b   Thumb Code   126  queue.o(i.prvUnlockQueue)
    i.pvPortMalloc                           0x08003fd8   Section        0  heap_4.o(i.pvPortMalloc)
    i.pxPortInitialiseStack                  0x08004124   Section        0  port.o(i.pxPortInitialiseStack)
    i.uxListRemove                           0x08004150   Section        0  list.o(i.uxListRemove)
    i.vApplicationGetIdleTaskMemory          0x08004178   Section        0  cmsis_os2.o(i.vApplicationGetIdleTaskMemory)
    i.vApplicationGetTimerTaskMemory         0x08004190   Section        0  cmsis_os2.o(i.vApplicationGetTimerTaskMemory)
    i.vListInitialise                        0x080041a8   Section        0  list.o(i.vListInitialise)
    i.vListInitialiseItem                    0x080041c2   Section        0  list.o(i.vListInitialiseItem)
    i.vListInsert                            0x080041c8   Section        0  list.o(i.vListInsert)
    i.vListInsertEnd                         0x080041fc   Section        0  list.o(i.vListInsertEnd)
    i.vPortEnterCritical                     0x08004214   Section        0  port.o(i.vPortEnterCritical)
    i.vPortExitCritical                      0x08004268   Section        0  port.o(i.vPortExitCritical)
    i.vPortFree                              0x080042a4   Section        0  heap_4.o(i.vPortFree)
    i.vPortSetupTimerInterrupt               0x08004348   Section        0  port.o(i.vPortSetupTimerInterrupt)
    i.vPortValidateInterruptPriority         0x08004370   Section        0  port.o(i.vPortValidateInterruptPriority)
    i.vQueueAddToRegistry                    0x080043e8   Section        0  queue.o(i.vQueueAddToRegistry)
    i.vQueueWaitForMessageRestricted         0x08004414   Section        0  queue.o(i.vQueueWaitForMessageRestricted)
    i.vTaskDelay                             0x08004460   Section        0  tasks.o(i.vTaskDelay)
    i.vTaskInternalSetTimeOutState           0x080044bc   Section        0  tasks.o(i.vTaskInternalSetTimeOutState)
    i.vTaskMissedYield                       0x080044d4   Section        0  tasks.o(i.vTaskMissedYield)
    i.vTaskPlaceOnEventList                  0x080044e0   Section        0  tasks.o(i.vTaskPlaceOnEventList)
    i.vTaskPlaceOnEventListRestricted        0x08004518   Section        0  tasks.o(i.vTaskPlaceOnEventListRestricted)
    i.vTaskStartScheduler                    0x08004558   Section        0  tasks.o(i.vTaskStartScheduler)
    i.vTaskSuspendAll                        0x08004610   Section        0  tasks.o(i.vTaskSuspendAll)
    i.vTaskSwitchContext                     0x08004620   Section        0  tasks.o(i.vTaskSwitchContext)
    i.xPortStartScheduler                    0x080046b0   Section        0  port.o(i.xPortStartScheduler)
    i.xPortSysTickHandler                    0x08004818   Section        0  port.o(i.xPortSysTickHandler)
    i.xQueueGenericCreateStatic              0x0800484c   Section        0  queue.o(i.xQueueGenericCreateStatic)
    i.xQueueGenericReset                     0x0800492c   Section        0  queue.o(i.xQueueGenericReset)
    i.xQueueGenericSend                      0x080049c4   Section        0  queue.o(i.xQueueGenericSend)
    i.xQueueGenericSendFromISR               0x08004b6c   Section        0  queue.o(i.xQueueGenericSendFromISR)
    i.xQueueReceive                          0x08004c70   Section        0  queue.o(i.xQueueReceive)
    i.xTaskCheckForTimeOut                   0x08004dd8   Section        0  tasks.o(i.xTaskCheckForTimeOut)
    i.xTaskCreate                            0x08004e64   Section        0  tasks.o(i.xTaskCreate)
    i.xTaskCreateStatic                      0x08004ece   Section        0  tasks.o(i.xTaskCreateStatic)
    i.xTaskGetSchedulerState                 0x08004f90   Section        0  tasks.o(i.xTaskGetSchedulerState)
    i.xTaskGetTickCount                      0x08004fb0   Section        0  tasks.o(i.xTaskGetTickCount)
    i.xTaskIncrementTick                     0x08004fbc   Section        0  tasks.o(i.xTaskIncrementTick)
    i.xTaskPriorityDisinherit                0x08005100   Section        0  tasks.o(i.xTaskPriorityDisinherit)
    i.xTaskRemoveFromEventList               0x080051a4   Section        0  tasks.o(i.xTaskRemoveFromEventList)
    i.xTaskResumeAll                         0x0800523c   Section        0  tasks.o(i.xTaskResumeAll)
    i.xTimerCreateTimerTask                  0x08005340   Section        0  timers.o(i.xTimerCreateTimerTask)
    i.xTimerGenericCommand                   0x080053b8   Section        0  timers.o(i.xTimerGenericCommand)
    .constdata                               0x0800543c   Section       36  freertos.o(.constdata)
    .constdata                               0x08005460   Section     2072  oled.o(.constdata)
    .constdata                               0x08005c78   Section       72  system_stm32l4xx.o(.constdata)
    .conststring                             0x08005cc0   Section       12  freertos.o(.conststring)
    .data                                    0x10000000   Section        4  freertos.o(.data)
    .data                                    0x10000004   Section        4  system_stm32l4xx.o(.data)
    .data                                    0x10000008   Section       60  tasks.o(.data)
    pxDelayedTaskList                        0x1000000c   Data           4  tasks.o(.data)
    pxOverflowDelayedTaskList                0x10000010   Data           4  tasks.o(.data)
    uxDeletedTasksWaitingCleanUp             0x10000014   Data           4  tasks.o(.data)
    uxCurrentNumberOfTasks                   0x10000018   Data           4  tasks.o(.data)
    xTickCount                               0x1000001c   Data           4  tasks.o(.data)
    uxTopReadyPriority                       0x10000020   Data           4  tasks.o(.data)
    xSchedulerRunning                        0x10000024   Data           4  tasks.o(.data)
    xPendedTicks                             0x10000028   Data           4  tasks.o(.data)
    xYieldPending                            0x1000002c   Data           4  tasks.o(.data)
    xNumOfOverflows                          0x10000030   Data           4  tasks.o(.data)
    uxTaskNumber                             0x10000034   Data           4  tasks.o(.data)
    xNextTaskUnblockTime                     0x10000038   Data           4  tasks.o(.data)
    xIdleTaskHandle                          0x1000003c   Data           4  tasks.o(.data)
    uxSchedulerSuspended                     0x10000040   Data           4  tasks.o(.data)
    .data                                    0x10000044   Section       20  timers.o(.data)
    pxCurrentTimerList                       0x10000044   Data           4  timers.o(.data)
    pxOverflowTimerList                      0x10000048   Data           4  timers.o(.data)
    xTimerQueue                              0x1000004c   Data           4  timers.o(.data)
    xTimerTaskHandle                         0x10000050   Data           4  timers.o(.data)
    xLastTime                                0x10000054   Data           4  timers.o(.data)
    .data                                    0x10000058   Section        4  cmsis_os2.o(.data)
    KernelState                              0x10000058   Data           4  cmsis_os2.o(.data)
    .bss                                     0x1000005c   Section      252  i2c.o(.bss)
    .bss                                     0x10000158   Section       16  iwdg.o(.bss)
    .bss                                     0x10000168   Section     1220  tasks.o(.bss)
    pxReadyTasksLists                        0x10000168   Data        1120  tasks.o(.bss)
    xDelayedTaskList1                        0x100005c8   Data          20  tasks.o(.bss)
    xDelayedTaskList2                        0x100005dc   Data          20  tasks.o(.bss)
    xPendingReadyList                        0x100005f0   Data          20  tasks.o(.bss)
    xTasksWaitingTermination                 0x10000604   Data          20  tasks.o(.bss)
    xSuspendedTaskList                       0x10000618   Data          20  tasks.o(.bss)
    .data                                    0x20000000   Section        9  stm32l4xx_hal.o(.data)
    .data                                    0x2000000c   Section       32  heap_4.o(.data)
    xStart                                   0x2000000c   Data           8  heap_4.o(.data)
    pxEnd                                    0x20000014   Data           4  heap_4.o(.data)
    xFreeBytesRemaining                      0x20000018   Data           4  heap_4.o(.data)
    xMinimumEverFreeBytesRemaining           0x2000001c   Data           4  heap_4.o(.data)
    xNumberOfSuccessfulAllocations           0x20000020   Data           4  heap_4.o(.data)
    xNumberOfSuccessfulFrees                 0x20000024   Data           4  heap_4.o(.data)
    xBlockAllocatedBit                       0x20000028   Data           4  heap_4.o(.data)
    .data                                    0x2000002c   Section       12  port.o(.data)
    uxCriticalNesting                        0x2000002c   Data           4  port.o(.data)
    ucMaxSysCallPriority                     0x20000030   Data           1  port.o(.data)
    ulMaxPRIGROUPValue                       0x20000034   Data           4  port.o(.data)
    .bss                                     0x20000038   Section      408  usart.o(.bss)
    .bss                                     0x200001d0   Section       76  stm32l4xx_hal_timebase_tim.o(.bss)
    .bss                                     0x2000021c   Section       64  queue.o(.bss)
    .bss                                     0x2000025c   Section      280  timers.o(.bss)
    xActiveTimerList1                        0x2000025c   Data          20  timers.o(.bss)
    xActiveTimerList2                        0x20000270   Data          20  timers.o(.bss)
    xStaticTimerQueue                        0x20000284   Data          80  timers.o(.bss)
    ucStaticTimerQueueStorage                0x200002d4   Data         160  timers.o(.bss)
    .bss                                     0x20000374   Section     1720  cmsis_os2.o(.bss)
    Idle_TCB                                 0x20000374   Data          92  cmsis_os2.o(.bss)
    Idle_Stack                               0x200003d0   Data         512  cmsis_os2.o(.bss)
    Timer_TCB                                0x200005d0   Data          92  cmsis_os2.o(.bss)
    Timer_Stack                              0x2000062c   Data        1024  cmsis_os2.o(.bss)
    .bss                                     0x20000a2c   Section    15360  heap_4.o(.bss)
    ucHeap                                   0x20000a2c   Data       15360  heap_4.o(.bss)
    STACK                                    0x20004630   Section    16384  startup_stm32l431xx.o(STACK)

    Global Symbols

    Symbol Name                              Value     Ov Type        Size  Object(Section)

    BuildAttributes$$THM_ISAv4$E$P$D$K$B$S$7EM$VFPi3$EXTD16$VFPS$VFMA$PE$A:L22UL41UL21$X:L11$S22US41US21$IEEE1$IW$USESV6$~STKCKD$USESV7$~SHL$OTIME$ROPI$IEEEX$EBA8$MICROLIB$REQ8$PRES8$EABIv2 0x00000000   Number         0  anon$$obj.o ABSOLUTE
    __ARM_use_no_argv                        0x00000000   Number         0  main.o ABSOLUTE
    __arm_fini_                               - Undefined Weak Reference
    __cpp_initialize__aeabi_                  - Undefined Weak Reference
    __cxa_finalize                            - Undefined Weak Reference
    __decompress                              - Undefined Weak Reference
    _clock_init                               - Undefined Weak Reference
    _microlib_exit                            - Undefined Weak Reference
    __Vectors_Size                           0x0000018c   Number         0  startup_stm32l431xx.o ABSOLUTE
    __Vectors                                0x08000000   Data           4  startup_stm32l431xx.o(RESET)
    __Vectors_End                            0x0800018c   Data           0  startup_stm32l431xx.o(RESET)
    __main                                   0x0800018d   Thumb Code     0  entry.o(.ARM.Collect$$$$00000000)
    _main_stk                                0x0800018d   Thumb Code     0  entry2.o(.ARM.Collect$$$$00000001)
    _main_scatterload                        0x08000191   Thumb Code     0  entry5.o(.ARM.Collect$$$$00000004)
    __main_after_scatterload                 0x08000195   Thumb Code     0  entry5.o(.ARM.Collect$$$$00000004)
    _main_clock                              0x08000195   Thumb Code     0  entry7b.o(.ARM.Collect$$$$00000008)
    _main_cpp_init                           0x08000195   Thumb Code     0  entry8b.o(.ARM.Collect$$$$0000000A)
    _main_init                               0x08000195   Thumb Code     0  entry9a.o(.ARM.Collect$$$$0000000B)
    __rt_lib_shutdown_fini                   0x0800019d   Thumb Code     0  entry12b.o(.ARM.Collect$$$$0000000E)
    __rt_final_cpp                           0x080001a1   Thumb Code     0  entry10a.o(.ARM.Collect$$$$0000000F)
    __rt_final_exit                          0x080001a1   Thumb Code     0  entry11a.o(.ARM.Collect$$$$00000011)
    SVC_Handler                              0x080001a5   Thumb Code    28  port.o(.emb_text)
    __asm___6_port_c_39a90d8d__prvStartFirstTask 0x080001c5   Thumb Code    36  port.o(.emb_text)
    __asm___6_port_c_39a90d8d__prvEnableVFP  0x080001ed   Thumb Code    16  port.o(.emb_text)
    PendSV_Handler                           0x08000201   Thumb Code    88  port.o(.emb_text)
    vPortGetIPSR                             0x0800025d   Thumb Code     6  port.o(.emb_text)
    Reset_Handler                            0x08000285   Thumb Code     8  startup_stm32l431xx.o(.text)
    ADC1_IRQHandler                          0x0800029f   Thumb Code     0  startup_stm32l431xx.o(.text)
    CAN1_RX0_IRQHandler                      0x0800029f   Thumb Code     0  startup_stm32l431xx.o(.text)
    CAN1_RX1_IRQHandler                      0x0800029f   Thumb Code     0  startup_stm32l431xx.o(.text)
    CAN1_SCE_IRQHandler                      0x0800029f   Thumb Code     0  startup_stm32l431xx.o(.text)
    CAN1_TX_IRQHandler                       0x0800029f   Thumb Code     0  startup_stm32l431xx.o(.text)
    COMP_IRQHandler                          0x0800029f   Thumb Code     0  startup_stm32l431xx.o(.text)
    CRS_IRQHandler                           0x0800029f   Thumb Code     0  startup_stm32l431xx.o(.text)
    DMA1_Channel1_IRQHandler                 0x0800029f   Thumb Code     0  startup_stm32l431xx.o(.text)
    DMA1_Channel2_IRQHandler                 0x0800029f   Thumb Code     0  startup_stm32l431xx.o(.text)
    DMA1_Channel3_IRQHandler                 0x0800029f   Thumb Code     0  startup_stm32l431xx.o(.text)
    DMA1_Channel4_IRQHandler                 0x0800029f   Thumb Code     0  startup_stm32l431xx.o(.text)
    DMA1_Channel5_IRQHandler                 0x0800029f   Thumb Code     0  startup_stm32l431xx.o(.text)
    DMA1_Channel6_IRQHandler                 0x0800029f   Thumb Code     0  startup_stm32l431xx.o(.text)
    DMA1_Channel7_IRQHandler                 0x0800029f   Thumb Code     0  startup_stm32l431xx.o(.text)
    DMA2_Channel1_IRQHandler                 0x0800029f   Thumb Code     0  startup_stm32l431xx.o(.text)
    DMA2_Channel2_IRQHandler                 0x0800029f   Thumb Code     0  startup_stm32l431xx.o(.text)
    DMA2_Channel3_IRQHandler                 0x0800029f   Thumb Code     0  startup_stm32l431xx.o(.text)
    DMA2_Channel4_IRQHandler                 0x0800029f   Thumb Code     0  startup_stm32l431xx.o(.text)
    DMA2_Channel5_IRQHandler                 0x0800029f   Thumb Code     0  startup_stm32l431xx.o(.text)
    DMA2_Channel6_IRQHandler                 0x0800029f   Thumb Code     0  startup_stm32l431xx.o(.text)
    DMA2_Channel7_IRQHandler                 0x0800029f   Thumb Code     0  startup_stm32l431xx.o(.text)
    EXTI0_IRQHandler                         0x0800029f   Thumb Code     0  startup_stm32l431xx.o(.text)
    EXTI15_10_IRQHandler                     0x0800029f   Thumb Code     0  startup_stm32l431xx.o(.text)
    EXTI1_IRQHandler                         0x0800029f   Thumb Code     0  startup_stm32l431xx.o(.text)
    EXTI2_IRQHandler                         0x0800029f   Thumb Code     0  startup_stm32l431xx.o(.text)
    EXTI3_IRQHandler                         0x0800029f   Thumb Code     0  startup_stm32l431xx.o(.text)
    EXTI4_IRQHandler                         0x0800029f   Thumb Code     0  startup_stm32l431xx.o(.text)
    EXTI9_5_IRQHandler                       0x0800029f   Thumb Code     0  startup_stm32l431xx.o(.text)
    FLASH_IRQHandler                         0x0800029f   Thumb Code     0  startup_stm32l431xx.o(.text)
    FPU_IRQHandler                           0x0800029f   Thumb Code     0  startup_stm32l431xx.o(.text)
    I2C1_ER_IRQHandler                       0x0800029f   Thumb Code     0  startup_stm32l431xx.o(.text)
    I2C1_EV_IRQHandler                       0x0800029f   Thumb Code     0  startup_stm32l431xx.o(.text)
    I2C2_ER_IRQHandler                       0x0800029f   Thumb Code     0  startup_stm32l431xx.o(.text)
    I2C2_EV_IRQHandler                       0x0800029f   Thumb Code     0  startup_stm32l431xx.o(.text)
    I2C3_ER_IRQHandler                       0x0800029f   Thumb Code     0  startup_stm32l431xx.o(.text)
    I2C3_EV_IRQHandler                       0x0800029f   Thumb Code     0  startup_stm32l431xx.o(.text)
    LPTIM1_IRQHandler                        0x0800029f   Thumb Code     0  startup_stm32l431xx.o(.text)
    LPTIM2_IRQHandler                        0x0800029f   Thumb Code     0  startup_stm32l431xx.o(.text)
    LPUART1_IRQHandler                       0x0800029f   Thumb Code     0  startup_stm32l431xx.o(.text)
    PVD_PVM_IRQHandler                       0x0800029f   Thumb Code     0  startup_stm32l431xx.o(.text)
    QUADSPI_IRQHandler                       0x0800029f   Thumb Code     0  startup_stm32l431xx.o(.text)
    RCC_IRQHandler                           0x0800029f   Thumb Code     0  startup_stm32l431xx.o(.text)
    RNG_IRQHandler                           0x0800029f   Thumb Code     0  startup_stm32l431xx.o(.text)
    RTC_Alarm_IRQHandler                     0x0800029f   Thumb Code     0  startup_stm32l431xx.o(.text)
    RTC_WKUP_IRQHandler                      0x0800029f   Thumb Code     0  startup_stm32l431xx.o(.text)
    SAI1_IRQHandler                          0x0800029f   Thumb Code     0  startup_stm32l431xx.o(.text)
    SDMMC1_IRQHandler                        0x0800029f   Thumb Code     0  startup_stm32l431xx.o(.text)
    SPI1_IRQHandler                          0x0800029f   Thumb Code     0  startup_stm32l431xx.o(.text)
    SPI2_IRQHandler                          0x0800029f   Thumb Code     0  startup_stm32l431xx.o(.text)
    SPI3_IRQHandler                          0x0800029f   Thumb Code     0  startup_stm32l431xx.o(.text)
    SWPMI1_IRQHandler                        0x0800029f   Thumb Code     0  startup_stm32l431xx.o(.text)
    TAMP_STAMP_IRQHandler                    0x0800029f   Thumb Code     0  startup_stm32l431xx.o(.text)
    TIM1_BRK_TIM15_IRQHandler                0x0800029f   Thumb Code     0  startup_stm32l431xx.o(.text)
    TIM1_CC_IRQHandler                       0x0800029f   Thumb Code     0  startup_stm32l431xx.o(.text)
    TIM1_TRG_COM_IRQHandler                  0x0800029f   Thumb Code     0  startup_stm32l431xx.o(.text)
    TIM2_IRQHandler                          0x0800029f   Thumb Code     0  startup_stm32l431xx.o(.text)
    TIM6_DAC_IRQHandler                      0x0800029f   Thumb Code     0  startup_stm32l431xx.o(.text)
    TIM7_IRQHandler                          0x0800029f   Thumb Code     0  startup_stm32l431xx.o(.text)
    TSC_IRQHandler                           0x0800029f   Thumb Code     0  startup_stm32l431xx.o(.text)
    WWDG_IRQHandler                          0x0800029f   Thumb Code     0  startup_stm32l431xx.o(.text)
    __aeabi_uldivmod                         0x080002a9   Thumb Code    98  uldiv.o(.text)
    __aeabi_memcpy                           0x08000311   Thumb Code    36  memcpya.o(.text)
    __aeabi_memcpy4                          0x08000311   Thumb Code     0  memcpya.o(.text)
    __aeabi_memcpy8                          0x08000311   Thumb Code     0  memcpya.o(.text)
    __aeabi_memset                           0x08000335   Thumb Code    14  memseta.o(.text)
    __aeabi_memset4                          0x08000335   Thumb Code     0  memseta.o(.text)
    __aeabi_memset8                          0x08000335   Thumb Code     0  memseta.o(.text)
    __aeabi_memclr                           0x08000343   Thumb Code     4  memseta.o(.text)
    __aeabi_memclr4                          0x08000343   Thumb Code     0  memseta.o(.text)
    __aeabi_memclr8                          0x08000343   Thumb Code     0  memseta.o(.text)
    memset                                   0x08000347   Thumb Code    18  memseta.o(.text)
    __aeabi_llsl                             0x08000359   Thumb Code    30  llshl.o(.text)
    _ll_shift_l                              0x08000359   Thumb Code     0  llshl.o(.text)
    __aeabi_llsr                             0x08000377   Thumb Code    32  llushr.o(.text)
    _ll_ushift_r                             0x08000377   Thumb Code     0  llushr.o(.text)
    __scatterload                            0x08000399   Thumb Code    28  init.o(.text)
    __scatterload_rt2                        0x08000399   Thumb Code     0  init.o(.text)
    BusFault_Handler                         0x080003bd   Thumb Code     4  stm32l4xx_it.o(i.BusFault_Handler)
    DebugMon_Handler                         0x080003c1   Thumb Code     2  stm32l4xx_it.o(i.DebugMon_Handler)
    Error_Handler                            0x080003c3   Thumb Code     6  main.o(i.Error_Handler)
    HAL_DMA_Abort                            0x080003c9   Thumb Code    90  stm32l4xx_hal_dma.o(i.HAL_DMA_Abort)
    HAL_DMA_Abort_IT                         0x08000423   Thumb Code    92  stm32l4xx_hal_dma.o(i.HAL_DMA_Abort_IT)
    HAL_Delay                                0x08000481   Thumb Code    36  stm32l4xx_hal.o(i.HAL_Delay)
    HAL_GPIO_Init                            0x080004a9   Thumb Code   418  stm32l4xx_hal_gpio.o(i.HAL_GPIO_Init)
    HAL_GPIO_WritePin                        0x08000669   Thumb Code    10  stm32l4xx_hal_gpio.o(i.HAL_GPIO_WritePin)
    HAL_GetTick                              0x08000675   Thumb Code     6  stm32l4xx_hal.o(i.HAL_GetTick)
    HAL_I2CEx_ConfigAnalogFilter             0x08000681   Thumb Code   106  stm32l4xx_hal_i2c_ex.o(i.HAL_I2CEx_ConfigAnalogFilter)
    HAL_I2CEx_ConfigDigitalFilter            0x080006eb   Thumb Code   104  stm32l4xx_hal_i2c_ex.o(i.HAL_I2CEx_ConfigDigitalFilter)
    HAL_I2C_Init                             0x08000755   Thumb Code   212  stm32l4xx_hal_i2c.o(i.HAL_I2C_Init)
    HAL_I2C_MspInit                          0x0800082d   Thumb Code   364  i2c.o(i.HAL_I2C_MspInit)
    HAL_IWDG_Init                            0x080009b1   Thumb Code   116  stm32l4xx_hal_iwdg.o(i.HAL_IWDG_Init)
    HAL_IncTick                              0x08000a25   Thumb Code    16  stm32l4xx_hal.o(i.HAL_IncTick)
    HAL_Init                                 0x08000a3d   Thumb Code    30  stm32l4xx_hal.o(i.HAL_Init)
    HAL_InitTick                             0x08000a5d   Thumb Code   134  stm32l4xx_hal_timebase_tim.o(i.HAL_InitTick)
    HAL_MspInit                              0x08000af9   Thumb Code    68  stm32l4xx_hal_msp.o(i.HAL_MspInit)
    HAL_NVIC_EnableIRQ                       0x08000b41   Thumb Code    40  stm32l4xx_hal_cortex.o(i.HAL_NVIC_EnableIRQ)
    HAL_NVIC_SetPriority                     0x08000b69   Thumb Code   124  stm32l4xx_hal_cortex.o(i.HAL_NVIC_SetPriority)
    HAL_NVIC_SetPriorityGrouping             0x08000bed   Thumb Code    32  stm32l4xx_hal_cortex.o(i.HAL_NVIC_SetPriorityGrouping)
    HAL_PWREx_ControlVoltageScaling          0x08000c15   Thumb Code   128  stm32l4xx_hal_pwr_ex.o(i.HAL_PWREx_ControlVoltageScaling)
    HAL_PWREx_GetVoltageRange                0x08000ca1   Thumb Code    10  stm32l4xx_hal_pwr_ex.o(i.HAL_PWREx_GetVoltageRange)
    HAL_RCCEx_PeriphCLKConfig                0x08000cb1   Thumb Code   894  stm32l4xx_hal_rcc_ex.o(i.HAL_RCCEx_PeriphCLKConfig)
    HAL_RCC_ClockConfig                      0x08001039   Thumb Code   414  stm32l4xx_hal_rcc.o(i.HAL_RCC_ClockConfig)
    HAL_RCC_GetClockConfig                   0x080011ed   Thumb Code    58  stm32l4xx_hal_rcc.o(i.HAL_RCC_GetClockConfig)
    HAL_RCC_GetHCLKFreq                      0x08001231   Thumb Code     6  stm32l4xx_hal_rcc.o(i.HAL_RCC_GetHCLKFreq)
    HAL_RCC_GetPCLK1Freq                     0x0800123d   Thumb Code    26  stm32l4xx_hal_rcc.o(i.HAL_RCC_GetPCLK1Freq)
    HAL_RCC_GetPCLK2Freq                     0x08001261   Thumb Code    26  stm32l4xx_hal_rcc.o(i.HAL_RCC_GetPCLK2Freq)
    HAL_RCC_GetSysClockFreq                  0x08001285   Thumb Code   220  stm32l4xx_hal_rcc.o(i.HAL_RCC_GetSysClockFreq)
    HAL_RCC_OscConfig                        0x08001371   Thumb Code  1856  stm32l4xx_hal_rcc.o(i.HAL_RCC_OscConfig)
    HAL_TIMEx_Break2Callback                 0x08001ac1   Thumb Code     2  stm32l4xx_hal_tim_ex.o(i.HAL_TIMEx_Break2Callback)
    HAL_TIMEx_BreakCallback                  0x08001ac3   Thumb Code     2  stm32l4xx_hal_tim_ex.o(i.HAL_TIMEx_BreakCallback)
    HAL_TIMEx_CommutCallback                 0x08001ac5   Thumb Code     2  stm32l4xx_hal_tim_ex.o(i.HAL_TIMEx_CommutCallback)
    HAL_TIM_Base_Init                        0x08001ac7   Thumb Code   110  stm32l4xx_hal_tim.o(i.HAL_TIM_Base_Init)
    HAL_TIM_Base_MspInit                     0x08001b35   Thumb Code     2  stm32l4xx_hal_tim.o(i.HAL_TIM_Base_MspInit)
    HAL_TIM_Base_Start_IT                    0x08001b39   Thumb Code   106  stm32l4xx_hal_tim.o(i.HAL_TIM_Base_Start_IT)
    HAL_TIM_IC_CaptureCallback               0x08001bb1   Thumb Code     2  stm32l4xx_hal_tim.o(i.HAL_TIM_IC_CaptureCallback)
    HAL_TIM_IRQHandler                       0x08001bb3   Thumb Code   408  stm32l4xx_hal_tim.o(i.HAL_TIM_IRQHandler)
    HAL_TIM_OC_DelayElapsedCallback          0x08001d4b   Thumb Code     2  stm32l4xx_hal_tim.o(i.HAL_TIM_OC_DelayElapsedCallback)
    HAL_TIM_PWM_PulseFinishedCallback        0x08001d4d   Thumb Code     2  stm32l4xx_hal_tim.o(i.HAL_TIM_PWM_PulseFinishedCallback)
    HAL_TIM_PeriodElapsedCallback            0x08001d51   Thumb Code    18  main.o(i.HAL_TIM_PeriodElapsedCallback)
    HAL_TIM_TriggerCallback                  0x08001d69   Thumb Code     2  stm32l4xx_hal_tim.o(i.HAL_TIM_TriggerCallback)
    HAL_UARTEx_RxEventCallback               0x08001d6b   Thumb Code     2  stm32l4xx_hal_uart.o(i.HAL_UARTEx_RxEventCallback)
    HAL_UARTEx_WakeupCallback                0x08001d6d   Thumb Code     2  stm32l4xx_hal_uart_ex.o(i.HAL_UARTEx_WakeupCallback)
    HAL_UART_ErrorCallback                   0x08001d6f   Thumb Code     2  stm32l4xx_hal_uart.o(i.HAL_UART_ErrorCallback)
    HAL_UART_IRQHandler                      0x08001d71   Thumb Code   884  stm32l4xx_hal_uart.o(i.HAL_UART_IRQHandler)
    HAL_UART_Init                            0x080020ed   Thumb Code   116  stm32l4xx_hal_uart.o(i.HAL_UART_Init)
    HAL_UART_MspInit                         0x08002161   Thumb Code   414  usart.o(i.HAL_UART_MspInit)
    HAL_UART_TxCpltCallback                  0x08002315   Thumb Code     2  stm32l4xx_hal_uart.o(i.HAL_UART_TxCpltCallback)
    HardFault_Handler                        0x08002317   Thumb Code     4  stm32l4xx_it.o(i.HardFault_Handler)
    IIC_Start                                0x0800231d   Thumb Code    44  oled.o(i.IIC_Start)
    IIC_Stop                                 0x0800234d   Thumb Code    34  oled.o(i.IIC_Stop)
    IIC_Wait_Ack                             0x08002375   Thumb Code    24  oled.o(i.IIC_Wait_Ack)
    MX_FREERTOS_Init                         0x08002391   Thumb Code    18  freertos.o(i.MX_FREERTOS_Init)
    MX_GPIO_Init                             0x080023b1   Thumb Code   110  gpio.o(i.MX_GPIO_Init)
    MX_I2C1_Init                             0x08002425   Thumb Code    74  i2c.o(i.MX_I2C1_Init)
    MX_I2C2_Init                             0x0800247d   Thumb Code    74  i2c.o(i.MX_I2C2_Init)
    MX_I2C3_Init                             0x080024d5   Thumb Code    74  i2c.o(i.MX_I2C3_Init)
    MX_IWDG_Init                             0x0800252d   Thumb Code    34  iwdg.o(i.MX_IWDG_Init)
    MX_USART1_UART_Init                      0x08002559   Thumb Code    56  usart.o(i.MX_USART1_UART_Init)
    MX_USART2_UART_Init                      0x08002599   Thumb Code    56  usart.o(i.MX_USART2_UART_Init)
    MX_USART3_UART_Init                      0x080025d9   Thumb Code    56  usart.o(i.MX_USART3_UART_Init)
    MemManage_Handler                        0x08002619   Thumb Code     4  stm32l4xx_it.o(i.MemManage_Handler)
    NMI_Handler                              0x0800261d   Thumb Code     4  stm32l4xx_it.o(i.NMI_Handler)
    OLED_Clear                               0x08002621   Thumb Code    62  oled.o(i.OLED_Clear)
    OLED_Init                                0x08002661   Thumb Code   302  oled.o(i.OLED_Init)
    OLED_Set_Pos                             0x08002799   Thumb Code    46  oled.o(i.OLED_Set_Pos)
    OLED_ShowChar                            0x080027c9   Thumb Code   154  oled.o(i.OLED_ShowChar)
    OLED_ShowString                          0x0800286d   Thumb Code    58  oled.o(i.OLED_ShowString)
    OLED_WR_Byte                             0x080028a7   Thumb Code    24  oled.o(i.OLED_WR_Byte)
    StartDefaultTask                         0x08002ae5   Thumb Code    10  freertos.o(i.StartDefaultTask)
    SysTick_Handler                          0x08002aef   Thumb Code    22  cmsis_os2.o(i.SysTick_Handler)
    SystemClock_Config                       0x08002b05   Thumb Code   120  main.o(i.SystemClock_Config)
    SystemInit                               0x08002b7d   Thumb Code    14  system_stm32l4xx.o(i.SystemInit)
    TIM1_UP_TIM16_IRQHandler                 0x08002b91   Thumb Code    10  stm32l4xx_it.o(i.TIM1_UP_TIM16_IRQHandler)
    TIM_Base_SetConfig                       0x08002ba1   Thumb Code   120  stm32l4xx_hal_tim.o(i.TIM_Base_SetConfig)
    UART_AdvFeatureConfig                    0x08002c25   Thumb Code   248  stm32l4xx_hal_uart.o(i.UART_AdvFeatureConfig)
    UART_CheckIdleState                      0x08002d1d   Thumb Code   230  stm32l4xx_hal_uart.o(i.UART_CheckIdleState)
    UART_SetConfig                           0x08002eb1   Thumb Code   722  stm32l4xx_hal_uart.o(i.UART_SetConfig)
    UART_WaitOnFlagUntilTimeout              0x080031a7   Thumb Code   172  stm32l4xx_hal_uart.o(i.UART_WaitOnFlagUntilTimeout)
    USART1_IRQHandler                        0x08003255   Thumb Code    10  stm32l4xx_it.o(i.USART1_IRQHandler)
    USART2_IRQHandler                        0x08003265   Thumb Code    10  stm32l4xx_it.o(i.USART2_IRQHandler)
    USART3_IRQHandler                        0x08003275   Thumb Code    10  stm32l4xx_it.o(i.USART3_IRQHandler)
    UsageFault_Handler                       0x08003285   Thumb Code     4  stm32l4xx_it.o(i.UsageFault_Handler)
    Write_IIC_Byte                           0x08003289   Thumb Code    90  oled.o(i.Write_IIC_Byte)
    Write_IIC_Command                        0x080032e9   Thumb Code    44  oled.o(i.Write_IIC_Command)
    Write_IIC_Data                           0x08003315   Thumb Code    44  oled.o(i.Write_IIC_Data)
    __scatterload_copy                       0x0800337f   Thumb Code    14  handlers.o(i.__scatterload_copy)
    __scatterload_null                       0x0800338d   Thumb Code     2  handlers.o(i.__scatterload_null)
    __scatterload_zeroinit                   0x0800338f   Thumb Code    14  handlers.o(i.__scatterload_zeroinit)
    main                                     0x0800339d   Thumb Code   168  main.o(i.main)
    osDelay                                  0x08003449   Thumb Code    30  cmsis_os2.o(i.osDelay)
    osKernelInitialize                       0x08003469   Thumb Code    38  cmsis_os2.o(i.osKernelInitialize)
    osKernelStart                            0x08003495   Thumb Code    82  cmsis_os2.o(i.osKernelStart)
    osThreadNew                              0x080034f5   Thumb Code   184  cmsis_os2.o(i.osThreadNew)
    pvPortMalloc                             0x08003fd9   Thumb Code   306  heap_4.o(i.pvPortMalloc)
    pxPortInitialiseStack                    0x08004125   Thumb Code    38  port.o(i.pxPortInitialiseStack)
    uxListRemove                             0x08004151   Thumb Code    40  list.o(i.uxListRemove)
    vApplicationGetIdleTaskMemory            0x08004179   Thumb Code    14  cmsis_os2.o(i.vApplicationGetIdleTaskMemory)
    vApplicationGetTimerTaskMemory           0x08004191   Thumb Code    16  cmsis_os2.o(i.vApplicationGetTimerTaskMemory)
    vListInitialise                          0x080041a9   Thumb Code    26  list.o(i.vListInitialise)
    vListInitialiseItem                      0x080041c3   Thumb Code     6  list.o(i.vListInitialiseItem)
    vListInsert                              0x080041c9   Thumb Code    52  list.o(i.vListInsert)
    vListInsertEnd                           0x080041fd   Thumb Code    24  list.o(i.vListInsertEnd)
    vPortEnterCritical                       0x08004215   Thumb Code    76  port.o(i.vPortEnterCritical)
    vPortExitCritical                        0x08004269   Thumb Code    56  port.o(i.vPortExitCritical)
    vPortFree                                0x080042a5   Thumb Code   150  heap_4.o(i.vPortFree)
    vPortSetupTimerInterrupt                 0x08004349   Thumb Code    36  port.o(i.vPortSetupTimerInterrupt)
    vPortValidateInterruptPriority           0x08004371   Thumb Code   106  port.o(i.vPortValidateInterruptPriority)
    vQueueAddToRegistry                      0x080043e9   Thumb Code    38  queue.o(i.vQueueAddToRegistry)
    vQueueWaitForMessageRestricted           0x08004415   Thumb Code    74  queue.o(i.vQueueWaitForMessageRestricted)
    vTaskDelay                               0x08004461   Thumb Code    82  tasks.o(i.vTaskDelay)
    vTaskInternalSetTimeOutState             0x080044bd   Thumb Code    14  tasks.o(i.vTaskInternalSetTimeOutState)
    vTaskMissedYield                         0x080044d5   Thumb Code     8  tasks.o(i.vTaskMissedYield)
    vTaskPlaceOnEventList                    0x080044e1   Thumb Code    52  tasks.o(i.vTaskPlaceOnEventList)
    vTaskPlaceOnEventListRestricted          0x08004519   Thumb Code    60  tasks.o(i.vTaskPlaceOnEventListRestricted)
    vTaskStartScheduler                      0x08004559   Thumb Code   156  tasks.o(i.vTaskStartScheduler)
    vTaskSuspendAll                          0x08004611   Thumb Code    12  tasks.o(i.vTaskSuspendAll)
    vTaskSwitchContext                       0x08004621   Thumb Code   122  tasks.o(i.vTaskSwitchContext)
    xPortStartScheduler                      0x080046b1   Thumb Code   330  port.o(i.xPortStartScheduler)
    xPortSysTickHandler                      0x08004819   Thumb Code    46  port.o(i.xPortSysTickHandler)
    xQueueGenericCreateStatic                0x0800484d   Thumb Code   224  queue.o(i.xQueueGenericCreateStatic)
    xQueueGenericReset                       0x0800492d   Thumb Code   146  queue.o(i.xQueueGenericReset)
    xQueueGenericSend                        0x080049c5   Thumb Code   420  queue.o(i.xQueueGenericSend)
    xQueueGenericSendFromISR                 0x08004b6d   Thumb Code   252  queue.o(i.xQueueGenericSendFromISR)
    xQueueReceive                            0x08004c71   Thumb Code   356  queue.o(i.xQueueReceive)
    xTaskCheckForTimeOut                     0x08004dd9   Thumb Code   132  tasks.o(i.xTaskCheckForTimeOut)
    xTaskCreate                              0x08004e65   Thumb Code   100  tasks.o(i.xTaskCreate)
    xTaskCreateStatic                        0x08004ecf   Thumb Code   186  tasks.o(i.xTaskCreateStatic)
    xTaskGetSchedulerState                   0x08004f91   Thumb Code    24  tasks.o(i.xTaskGetSchedulerState)
    xTaskGetTickCount                        0x08004fb1   Thumb Code     6  tasks.o(i.xTaskGetTickCount)
    xTaskIncrementTick                       0x08004fbd   Thumb Code   280  tasks.o(i.xTaskIncrementTick)
    xTaskPriorityDisinherit                  0x08005101   Thumb Code   152  tasks.o(i.xTaskPriorityDisinherit)
    xTaskRemoveFromEventList                 0x080051a5   Thumb Code   126  tasks.o(i.xTaskRemoveFromEventList)
    xTaskResumeAll                           0x0800523d   Thumb Code   222  tasks.o(i.xTaskResumeAll)
    xTimerCreateTimerTask                    0x08005341   Thumb Code   100  timers.o(i.xTimerCreateTimerTask)
    xTimerGenericCommand                     0x080053b9   Thumb Code   128  timers.o(i.xTimerGenericCommand)
    defaultTask_attributes                   0x0800543c   Data          36  freertos.o(.constdata)
    F6x8                                     0x08005460   Data         552  oled.o(.constdata)
    F8X16                                    0x08005688   Data        1520  oled.o(.constdata)
    AHBPrescTable                            0x08005c78   Data          16  system_stm32l4xx.o(.constdata)
    APBPrescTable                            0x08005c88   Data           8  system_stm32l4xx.o(.constdata)
    MSIRangeTable                            0x08005c90   Data          48  system_stm32l4xx.o(.constdata)
    Region$$Table$$Base                      0x08005ccc   Number         0  anon$$obj.o(Region$$Table)
    Region$$Table$$Limit                     0x08005d0c   Number         0  anon$$obj.o(Region$$Table)
    defaultTaskHandle                        0x10000000   Data           4  freertos.o(.data)
    SystemCoreClock                          0x10000004   Data           4  system_stm32l4xx.o(.data)
    pxCurrentTCB                             0x10000008   Data           4  tasks.o(.data)
    hi2c1                                    0x1000005c   Data          84  i2c.o(.bss)
    hi2c2                                    0x100000b0   Data          84  i2c.o(.bss)
    hi2c3                                    0x10000104   Data          84  i2c.o(.bss)
    hiwdg                                    0x10000158   Data          16  iwdg.o(.bss)
    uwTick                                   0x20000000   Data           4  stm32l4xx_hal.o(.data)
    uwTickPrio                               0x20000004   Data           4  stm32l4xx_hal.o(.data)
    uwTickFreq                               0x20000008   Data           1  stm32l4xx_hal.o(.data)
    huart1                                   0x20000038   Data         136  usart.o(.bss)
    huart2                                   0x200000c0   Data         136  usart.o(.bss)
    huart3                                   0x20000148   Data         136  usart.o(.bss)
    htim1                                    0x200001d0   Data          76  stm32l4xx_hal_timebase_tim.o(.bss)
    xQueueRegistry                           0x2000021c   Data          64  queue.o(.bss)
    __initial_sp                             0x20008630   Data           0  startup_stm32l431xx.o(STACK)



==============================================================================

Memory Map of the image

  Image Entry point : 0x0800018d

  Load Region LR_IROM1 (Base: 0x08000000, Size: 0x00005da0, Max: 0x00040000, ABSOLUTE)

    Execution Region ER_IROM1 (Exec base: 0x08000000, Load base: 0x08000000, Size: 0x00005d0c, Max: 0x00040000, ABSOLUTE)

    Exec Addr    Load Addr    Size         Type   Attr      Idx    E Section Name        Object

    0x08000000   0x08000000   0x0000018c   Data   RO            3    RESET               startup_stm32l431xx.o
    0x0800018c   0x0800018c   0x00000000   Code   RO         6235  * .ARM.Collect$$$$00000000  mc_w.l(entry.o)
    0x0800018c   0x0800018c   0x00000004   Code   RO         6281    .ARM.Collect$$$$00000001  mc_w.l(entry2.o)
    0x08000190   0x08000190   0x00000004   Code   RO         6284    .ARM.Collect$$$$00000004  mc_w.l(entry5.o)
    0x08000194   0x08000194   0x00000000   Code   RO         6286    .ARM.Collect$$$$00000008  mc_w.l(entry7b.o)
    0x08000194   0x08000194   0x00000000   Code   RO         6288    .ARM.Collect$$$$0000000A  mc_w.l(entry8b.o)
    0x08000194   0x08000194   0x00000008   Code   RO         6289    .ARM.Collect$$$$0000000B  mc_w.l(entry9a.o)
    0x0800019c   0x0800019c   0x00000004   Code   RO         6296    .ARM.Collect$$$$0000000E  mc_w.l(entry12b.o)
    0x080001a0   0x080001a0   0x00000000   Code   RO         6291    .ARM.Collect$$$$0000000F  mc_w.l(entry10a.o)
    0x080001a0   0x080001a0   0x00000000   Code   RO         6293    .ARM.Collect$$$$00000011  mc_w.l(entry11a.o)
    0x080001a0   0x080001a0   0x00000004   Code   RO         6282    .ARM.Collect$$$$00002712  mc_w.l(entry2.o)
    0x080001a4   0x080001a4   0x000000de   Code   RO         6132    .emb_text           port.o
    0x08000282   0x08000282   0x00000002   PAD
    0x08000284   0x08000284   0x00000024   Code   RO            4    .text               startup_stm32l431xx.o
    0x080002a8   0x080002a8   0x00000068   Code   RO         6238    .text               mc_w.l(uldiv.o)
    0x08000310   0x08000310   0x00000024   Code   RO         6240    .text               mc_w.l(memcpya.o)
    0x08000334   0x08000334   0x00000024   Code   RO         6244    .text               mc_w.l(memseta.o)
    0x08000358   0x08000358   0x0000001e   Code   RO         6297    .text               mc_w.l(llshl.o)
    0x08000376   0x08000376   0x00000020   Code   RO         6299    .text               mc_w.l(llushr.o)
    0x08000396   0x08000396   0x00000002   PAD
    0x08000398   0x08000398   0x00000024   Code   RO         6327    .text               mc_w.l(init.o)
    0x080003bc   0x080003bc   0x00000004   Code   RO          418    i.BusFault_Handler  stm32l4xx_it.o
    0x080003c0   0x080003c0   0x00000002   Code   RO          419    i.DebugMon_Handler  stm32l4xx_it.o
    0x080003c2   0x080003c2   0x00000006   Code   RO           13    i.Error_Handler     main.o
    0x080003c8   0x080003c8   0x0000005a   Code   RO         1664    i.HAL_DMA_Abort     stm32l4xx_hal_dma.o
    0x08000422   0x08000422   0x0000005c   Code   RO         1665    i.HAL_DMA_Abort_IT  stm32l4xx_hal_dma.o
    0x0800047e   0x0800047e   0x00000002   PAD
    0x08000480   0x08000480   0x00000028   Code   RO          847    i.HAL_Delay         stm32l4xx_hal.o
    0x080004a8   0x080004a8   0x000001c0   Code   RO         1600    i.HAL_GPIO_Init     stm32l4xx_hal_gpio.o
    0x08000668   0x08000668   0x0000000a   Code   RO         1604    i.HAL_GPIO_WritePin  stm32l4xx_hal_gpio.o
    0x08000672   0x08000672   0x00000002   PAD
    0x08000674   0x08000674   0x0000000c   Code   RO          851    i.HAL_GetTick       stm32l4xx_hal.o
    0x08000680   0x08000680   0x0000006a   Code   RO         2778    i.HAL_I2CEx_ConfigAnalogFilter  stm32l4xx_hal_i2c_ex.o
    0x080006ea   0x080006ea   0x00000068   Code   RO         2779    i.HAL_I2CEx_ConfigDigitalFilter  stm32l4xx_hal_i2c_ex.o
    0x08000752   0x08000752   0x00000002   PAD
    0x08000754   0x08000754   0x000000d8   Code   RO         2317    i.HAL_I2C_Init      stm32l4xx_hal_i2c.o
    0x0800082c   0x0800082c   0x00000184   Code   RO          281    i.HAL_I2C_MspInit   i2c.o
    0x080009b0   0x080009b0   0x00000074   Code   RO         2832    i.HAL_IWDG_Init     stm32l4xx_hal_iwdg.o
    0x08000a24   0x08000a24   0x00000018   Code   RO          857    i.HAL_IncTick       stm32l4xx_hal.o
    0x08000a3c   0x08000a3c   0x0000001e   Code   RO          858    i.HAL_Init          stm32l4xx_hal.o
    0x08000a5a   0x08000a5a   0x00000002   PAD
    0x08000a5c   0x08000a5c   0x0000009c   Code   RO          524    i.HAL_InitTick      stm32l4xx_hal_timebase_tim.o
    0x08000af8   0x08000af8   0x00000048   Code   RO          500    i.HAL_MspInit       stm32l4xx_hal_msp.o
    0x08000b40   0x08000b40   0x00000028   Code   RO         2089    i.HAL_NVIC_EnableIRQ  stm32l4xx_hal_cortex.o
    0x08000b68   0x08000b68   0x00000082   Code   RO         2095    i.HAL_NVIC_SetPriority  stm32l4xx_hal_cortex.o
    0x08000bea   0x08000bea   0x00000002   PAD
    0x08000bec   0x08000bec   0x00000028   Code   RO         2096    i.HAL_NVIC_SetPriorityGrouping  stm32l4xx_hal_cortex.o
    0x08000c14   0x08000c14   0x0000008c   Code   RO         1891    i.HAL_PWREx_ControlVoltageScaling  stm32l4xx_hal_pwr_ex.o
    0x08000ca0   0x08000ca0   0x00000010   Code   RO         1914    i.HAL_PWREx_GetVoltageRange  stm32l4xx_hal_pwr_ex.o
    0x08000cb0   0x08000cb0   0x00000388   Code   RO         1203    i.HAL_RCCEx_PeriphCLKConfig  stm32l4xx_hal_rcc_ex.o
    0x08001038   0x08001038   0x000001b4   Code   RO         1075    i.HAL_RCC_ClockConfig  stm32l4xx_hal_rcc.o
    0x080011ec   0x080011ec   0x00000044   Code   RO         1078    i.HAL_RCC_GetClockConfig  stm32l4xx_hal_rcc.o
    0x08001230   0x08001230   0x0000000c   Code   RO         1079    i.HAL_RCC_GetHCLKFreq  stm32l4xx_hal_rcc.o
    0x0800123c   0x0800123c   0x00000024   Code   RO         1081    i.HAL_RCC_GetPCLK1Freq  stm32l4xx_hal_rcc.o
    0x08001260   0x08001260   0x00000024   Code   RO         1082    i.HAL_RCC_GetPCLK2Freq  stm32l4xx_hal_rcc.o
    0x08001284   0x08001284   0x000000ec   Code   RO         1084    i.HAL_RCC_GetSysClockFreq  stm32l4xx_hal_rcc.o
    0x08001370   0x08001370   0x00000750   Code   RO         1087    i.HAL_RCC_OscConfig  stm32l4xx_hal_rcc.o
    0x08001ac0   0x08001ac0   0x00000002   Code   RO         3589    i.HAL_TIMEx_Break2Callback  stm32l4xx_hal_tim_ex.o
    0x08001ac2   0x08001ac2   0x00000002   Code   RO         3590    i.HAL_TIMEx_BreakCallback  stm32l4xx_hal_tim_ex.o
    0x08001ac4   0x08001ac4   0x00000002   Code   RO         3591    i.HAL_TIMEx_CommutCallback  stm32l4xx_hal_tim_ex.o
    0x08001ac6   0x08001ac6   0x0000006e   Code   RO         2864    i.HAL_TIM_Base_Init  stm32l4xx_hal_tim.o
    0x08001b34   0x08001b34   0x00000002   Code   RO         2866    i.HAL_TIM_Base_MspInit  stm32l4xx_hal_tim.o
    0x08001b36   0x08001b36   0x00000002   PAD
    0x08001b38   0x08001b38   0x00000078   Code   RO         2869    i.HAL_TIM_Base_Start_IT  stm32l4xx_hal_tim.o
    0x08001bb0   0x08001bb0   0x00000002   Code   RO         2898    i.HAL_TIM_IC_CaptureCallback  stm32l4xx_hal_tim.o
    0x08001bb2   0x08001bb2   0x00000198   Code   RO         2912    i.HAL_TIM_IRQHandler  stm32l4xx_hal_tim.o
    0x08001d4a   0x08001d4a   0x00000002   Code   RO         2915    i.HAL_TIM_OC_DelayElapsedCallback  stm32l4xx_hal_tim.o
    0x08001d4c   0x08001d4c   0x00000002   Code   RO         2942    i.HAL_TIM_PWM_PulseFinishedCallback  stm32l4xx_hal_tim.o
    0x08001d4e   0x08001d4e   0x00000002   PAD
    0x08001d50   0x08001d50   0x00000018   Code   RO           14    i.HAL_TIM_PeriodElapsedCallback  main.o
    0x08001d68   0x08001d68   0x00000002   Code   RO         2955    i.HAL_TIM_TriggerCallback  stm32l4xx_hal_tim.o
    0x08001d6a   0x08001d6a   0x00000002   Code   RO         3883    i.HAL_UARTEx_RxEventCallback  stm32l4xx_hal_uart.o
    0x08001d6c   0x08001d6c   0x00000002   Code   RO         4282    i.HAL_UARTEx_WakeupCallback  stm32l4xx_hal_uart_ex.o
    0x08001d6e   0x08001d6e   0x00000002   Code   RO         3899    i.HAL_UART_ErrorCallback  stm32l4xx_hal_uart.o
    0x08001d70   0x08001d70   0x0000037c   Code   RO         3902    i.HAL_UART_IRQHandler  stm32l4xx_hal_uart.o
    0x080020ec   0x080020ec   0x00000074   Code   RO         3903    i.HAL_UART_Init     stm32l4xx_hal_uart.o
    0x08002160   0x08002160   0x000001b4   Code   RO          365    i.HAL_UART_MspInit  usart.o
    0x08002314   0x08002314   0x00000002   Code   RO         3915    i.HAL_UART_TxCpltCallback  stm32l4xx_hal_uart.o
    0x08002316   0x08002316   0x00000004   Code   RO          420    i.HardFault_Handler  stm32l4xx_it.o
    0x0800231a   0x0800231a   0x00000002   PAD
    0x0800231c   0x0800231c   0x00000030   Code   RO          563    i.IIC_Start         oled.o
    0x0800234c   0x0800234c   0x00000028   Code   RO          564    i.IIC_Stop          oled.o
    0x08002374   0x08002374   0x0000001c   Code   RO          565    i.IIC_Wait_Ack      oled.o
    0x08002390   0x08002390   0x00000020   Code   RO          237    i.MX_FREERTOS_Init  freertos.o
    0x080023b0   0x080023b0   0x00000074   Code   RO          213    i.MX_GPIO_Init      gpio.o
    0x08002424   0x08002424   0x00000058   Code   RO          282    i.MX_I2C1_Init      i2c.o
    0x0800247c   0x0800247c   0x00000058   Code   RO          283    i.MX_I2C2_Init      i2c.o
    0x080024d4   0x080024d4   0x00000058   Code   RO          284    i.MX_I2C3_Init      i2c.o
    0x0800252c   0x0800252c   0x0000002c   Code   RO          334    i.MX_IWDG_Init      iwdg.o
    0x08002558   0x08002558   0x00000040   Code   RO          366    i.MX_USART1_UART_Init  usart.o
    0x08002598   0x08002598   0x00000040   Code   RO          367    i.MX_USART2_UART_Init  usart.o
    0x080025d8   0x080025d8   0x00000040   Code   RO          368    i.MX_USART3_UART_Init  usart.o
    0x08002618   0x08002618   0x00000004   Code   RO          421    i.MemManage_Handler  stm32l4xx_it.o
    0x0800261c   0x0800261c   0x00000004   Code   RO          422    i.NMI_Handler       stm32l4xx_it.o
    0x08002620   0x08002620   0x0000003e   Code   RO          567    i.OLED_Clear        oled.o
    0x0800265e   0x0800265e   0x00000002   PAD
    0x08002660   0x08002660   0x00000138   Code   RO          572    i.OLED_Init         oled.o
    0x08002798   0x08002798   0x0000002e   Code   RO          575    i.OLED_Set_Pos      oled.o
    0x080027c6   0x080027c6   0x00000002   PAD
    0x080027c8   0x080027c8   0x000000a4   Code   RO          577    i.OLED_ShowChar     oled.o
    0x0800286c   0x0800286c   0x0000003a   Code   RO          579    i.OLED_ShowString   oled.o
    0x080028a6   0x080028a6   0x00000018   Code   RO          580    i.OLED_WR_Byte      oled.o
    0x080028be   0x080028be   0x00000002   PAD
    0x080028c0   0x080028c0   0x00000188   Code   RO         1207    i.RCCEx_PLLSAI1_Config  stm32l4xx_hal_rcc_ex.o
    0x08002a48   0x08002a48   0x0000009c   Code   RO         1088    i.RCC_SetFlashLatencyFromMSIRange  stm32l4xx_hal_rcc.o
    0x08002ae4   0x08002ae4   0x0000000a   Code   RO          238    i.StartDefaultTask  freertos.o
    0x08002aee   0x08002aee   0x00000016   Code   RO         5547    i.SysTick_Handler   cmsis_os2.o
    0x08002b04   0x08002b04   0x00000078   Code   RO           15    i.SystemClock_Config  main.o
    0x08002b7c   0x08002b7c   0x00000014   Code   RO         4367    i.SystemInit        system_stm32l4xx.o
    0x08002b90   0x08002b90   0x00000010   Code   RO          423    i.TIM1_UP_TIM16_IRQHandler  stm32l4xx_it.o
    0x08002ba0   0x08002ba0   0x00000084   Code   RO         2957    i.TIM_Base_SetConfig  stm32l4xx_hal_tim.o
    0x08002c24   0x08002c24   0x000000f8   Code   RO         3917    i.UART_AdvFeatureConfig  stm32l4xx_hal_uart.o
    0x08002d1c   0x08002d1c   0x000000e6   Code   RO         3918    i.UART_CheckIdleState  stm32l4xx_hal_uart.o
    0x08002e02   0x08002e02   0x00000018   Code   RO         3919    i.UART_DMAAbortOnError  stm32l4xx_hal_uart.o
    0x08002e1a   0x08002e1a   0x00000066   Code   RO         3929    i.UART_EndRxTransfer  stm32l4xx_hal_uart.o
    0x08002e80   0x08002e80   0x0000002e   Code   RO         3930    i.UART_EndTransmit_IT  stm32l4xx_hal_uart.o
    0x08002eae   0x08002eae   0x00000002   PAD
    0x08002eb0   0x08002eb0   0x000002f6   Code   RO         3934    i.UART_SetConfig    stm32l4xx_hal_uart.o
    0x080031a6   0x080031a6   0x000000ac   Code   RO         3939    i.UART_WaitOnFlagUntilTimeout  stm32l4xx_hal_uart.o
    0x08003252   0x08003252   0x00000002   PAD
    0x08003254   0x08003254   0x00000010   Code   RO          424    i.USART1_IRQHandler  stm32l4xx_it.o
    0x08003264   0x08003264   0x00000010   Code   RO          425    i.USART2_IRQHandler  stm32l4xx_it.o
    0x08003274   0x08003274   0x00000010   Code   RO          426    i.USART3_IRQHandler  stm32l4xx_it.o
    0x08003284   0x08003284   0x00000004   Code   RO          427    i.UsageFault_Handler  stm32l4xx_it.o
    0x08003288   0x08003288   0x00000060   Code   RO          581    i.Write_IIC_Byte    oled.o
    0x080032e8   0x080032e8   0x0000002c   Code   RO          582    i.Write_IIC_Command  oled.o
    0x08003314   0x08003314   0x0000002c   Code   RO          583    i.Write_IIC_Data    oled.o
    0x08003340   0x08003340   0x00000010   Code   RO         2102    i.__NVIC_GetPriorityGrouping  stm32l4xx_hal_cortex.o
    0x08003350   0x08003350   0x00000028   Code   RO         2103    i.__NVIC_SetPriority  stm32l4xx_hal_cortex.o
    0x08003378   0x08003378   0x00000006   Code   RO         5549    i.__get_IPSR        cmsis_os2.o
    0x0800337e   0x0800337e   0x0000000e   Code   RO         6331    i.__scatterload_copy  mc_w.l(handlers.o)
    0x0800338c   0x0800338c   0x00000002   Code   RO         6332    i.__scatterload_null  mc_w.l(handlers.o)
    0x0800338e   0x0800338e   0x0000000e   Code   RO         6333    i.__scatterload_zeroinit  mc_w.l(handlers.o)
    0x0800339c   0x0800339c   0x000000ac   Code   RO           16    i.main              main.o
    0x08003448   0x08003448   0x0000001e   Code   RO         5550    i.osDelay           cmsis_os2.o
    0x08003466   0x08003466   0x00000002   PAD
    0x08003468   0x08003468   0x0000002c   Code   RO         5564    i.osKernelInitialize  cmsis_os2.o
    0x08003494   0x08003494   0x00000060   Code   RO         5567    i.osKernelStart     cmsis_os2.o
    0x080034f4   0x080034f4   0x000000b8   Code   RO         5609    i.osThreadNew       cmsis_os2.o
    0x080035ac   0x080035ac   0x0000007c   Code   RO         4984    i.prvAddCurrentTaskToDelayedList  tasks.o
    0x08003628   0x08003628   0x000000b8   Code   RO         4985    i.prvAddNewTaskToReadyList  tasks.o
    0x080036e0   0x080036e0   0x00000074   Code   RO         5360    i.prvCheckForValidListAndQueue  timers.o
    0x08003754   0x08003754   0x00000048   Code   RO         4986    i.prvCheckTasksWaitingTermination  tasks.o
    0x0800379c   0x0800379c   0x0000002a   Code   RO         4571    i.prvCopyDataFromQueue  queue.o
    0x080037c6   0x080037c6   0x0000007e   Code   RO         4572    i.prvCopyDataToQueue  queue.o
    0x08003844   0x08003844   0x00000050   Code   RO         4987    i.prvDeleteTCB      tasks.o
    0x08003894   0x08003894   0x00000028   Code   RO         5361    i.prvGetNextExpireTime  timers.o
    0x080038bc   0x080038bc   0x0000007c   Code   RO         6077    i.prvHeapInit       heap_4.o
    0x08003938   0x08003938   0x00000028   Code   RO         4988    i.prvIdleTask       tasks.o
    0x08003960   0x08003960   0x0000002a   Code   RO         4575    i.prvInitialiseNewQueue  queue.o
    0x0800398a   0x0800398a   0x000000c4   Code   RO         4989    i.prvInitialiseNewTask  tasks.o
    0x08003a4e   0x08003a4e   0x00000002   PAD
    0x08003a50   0x08003a50   0x00000068   Code   RO         4990    i.prvInitialiseTaskLists  tasks.o
    0x08003ab8   0x08003ab8   0x00000068   Code   RO         6078    i.prvInsertBlockIntoFreeList  heap_4.o
    0x08003b20   0x08003b20   0x00000058   Code   RO         5363    i.prvInsertTimerInActiveList  timers.o
    0x08003b78   0x08003b78   0x0000001a   Code   RO         4576    i.prvIsQueueEmpty   queue.o
    0x08003b92   0x08003b92   0x0000001e   Code   RO         4577    i.prvIsQueueFull    queue.o
    0x08003bb0   0x08003bb0   0x00000074   Code   RO         5364    i.prvProcessExpiredTimer  timers.o
    0x08003c24   0x08003c24   0x00000164   Code   RO         5365    i.prvProcessReceivedCommands  timers.o
    0x08003d88   0x08003d88   0x00000074   Code   RO         5366    i.prvProcessTimerOrBlockTask  timers.o
    0x08003dfc   0x08003dfc   0x00000034   Code   RO         4992    i.prvResetNextTaskUnblockTime  tasks.o
    0x08003e30   0x08003e30   0x0000002c   Code   RO         5367    i.prvSampleTimeNow  timers.o
    0x08003e5c   0x08003e5c   0x000000a4   Code   RO         5368    i.prvSwitchTimerLists  timers.o
    0x08003f00   0x08003f00   0x00000040   Code   RO         6133    i.prvTaskExitError  port.o
    0x08003f40   0x08003f40   0x0000001a   Code   RO         5369    i.prvTimerTask      timers.o
    0x08003f5a   0x08003f5a   0x0000007e   Code   RO         4578    i.prvUnlockQueue    queue.o
    0x08003fd8   0x08003fd8   0x0000014c   Code   RO         6079    i.pvPortMalloc      heap_4.o
    0x08004124   0x08004124   0x0000002c   Code   RO         6134    i.pxPortInitialiseStack  port.o
    0x08004150   0x08004150   0x00000028   Code   RO         4531    i.uxListRemove      list.o
    0x08004178   0x08004178   0x00000018   Code   RO         5621    i.vApplicationGetIdleTaskMemory  cmsis_os2.o
    0x08004190   0x08004190   0x00000018   Code   RO         5622    i.vApplicationGetTimerTaskMemory  cmsis_os2.o
    0x080041a8   0x080041a8   0x0000001a   Code   RO         4532    i.vListInitialise   list.o
    0x080041c2   0x080041c2   0x00000006   Code   RO         4533    i.vListInitialiseItem  list.o
    0x080041c8   0x080041c8   0x00000034   Code   RO         4534    i.vListInsert       list.o
    0x080041fc   0x080041fc   0x00000018   Code   RO         4535    i.vListInsertEnd    list.o
    0x08004214   0x08004214   0x00000054   Code   RO         6136    i.vPortEnterCritical  port.o
    0x08004268   0x08004268   0x0000003c   Code   RO         6137    i.vPortExitCritical  port.o
    0x080042a4   0x080042a4   0x000000a4   Code   RO         6080    i.vPortFree         heap_4.o
    0x08004348   0x08004348   0x00000028   Code   RO         6138    i.vPortSetupTimerInterrupt  port.o
    0x08004370   0x08004370   0x00000078   Code   RO         6139    i.vPortValidateInterruptPriority  port.o
    0x080043e8   0x080043e8   0x0000002c   Code   RO         4584    i.vQueueAddToRegistry  queue.o
    0x08004414   0x08004414   0x0000004a   Code   RO         4588    i.vQueueWaitForMessageRestricted  queue.o
    0x0800445e   0x0800445e   0x00000002   PAD
    0x08004460   0x08004460   0x0000005c   Code   RO         5005    i.vTaskDelay        tasks.o
    0x080044bc   0x080044bc   0x00000018   Code   RO         5010    i.vTaskInternalSetTimeOutState  tasks.o
    0x080044d4   0x080044d4   0x0000000c   Code   RO         5011    i.vTaskMissedYield  tasks.o
    0x080044e0   0x080044e0   0x00000038   Code   RO         5013    i.vTaskPlaceOnEventList  tasks.o
    0x08004518   0x08004518   0x00000040   Code   RO         5014    i.vTaskPlaceOnEventListRestricted  tasks.o
    0x08004558   0x08004558   0x000000b8   Code   RO         5022    i.vTaskStartScheduler  tasks.o
    0x08004610   0x08004610   0x00000010   Code   RO         5024    i.vTaskSuspendAll   tasks.o
    0x08004620   0x08004620   0x00000090   Code   RO         5025    i.vTaskSwitchContext  tasks.o
    0x080046b0   0x080046b0   0x00000168   Code   RO         6140    i.xPortStartScheduler  port.o
    0x08004818   0x08004818   0x00000034   Code   RO         6141    i.xPortSysTickHandler  port.o
    0x0800484c   0x0800484c   0x000000e0   Code   RO         4594    i.xQueueGenericCreateStatic  queue.o
    0x0800492c   0x0800492c   0x00000098   Code   RO         4595    i.xQueueGenericReset  queue.o
    0x080049c4   0x080049c4   0x000001a8   Code   RO         4596    i.xQueueGenericSend  queue.o
    0x08004b6c   0x08004b6c   0x00000102   Code   RO         4597    i.xQueueGenericSendFromISR  queue.o
    0x08004c6e   0x08004c6e   0x00000002   PAD
    0x08004c70   0x08004c70   0x00000168   Code   RO         4606    i.xQueueReceive     queue.o
    0x08004dd8   0x08004dd8   0x0000008c   Code   RO         5027    i.xTaskCheckForTimeOut  tasks.o
    0x08004e64   0x08004e64   0x0000006a   Code   RO         5028    i.xTaskCreate       tasks.o
    0x08004ece   0x08004ece   0x000000c0   Code   RO         5029    i.xTaskCreateStatic  tasks.o
    0x08004f8e   0x08004f8e   0x00000002   PAD
    0x08004f90   0x08004f90   0x00000020   Code   RO         5033    i.xTaskGetSchedulerState  tasks.o
    0x08004fb0   0x08004fb0   0x0000000c   Code   RO         5034    i.xTaskGetTickCount  tasks.o
    0x08004fbc   0x08004fbc   0x00000144   Code   RO         5036    i.xTaskIncrementTick  tasks.o
    0x08005100   0x08005100   0x000000a4   Code   RO         5039    i.xTaskPriorityDisinherit  tasks.o
    0x080051a4   0x080051a4   0x00000098   Code   RO         5041    i.xTaskRemoveFromEventList  tasks.o
    0x0800523c   0x0800523c   0x00000104   Code   RO         5042    i.xTaskResumeAll    tasks.o
    0x08005340   0x08005340   0x00000078   Code   RO         5378    i.xTimerCreateTimerTask  timers.o
    0x080053b8   0x080053b8   0x00000084   Code   RO         5379    i.xTimerGenericCommand  timers.o
    0x0800543c   0x0800543c   0x00000024   Data   RO          239    .constdata          freertos.o
    0x08005460   0x08005460   0x00000818   Data   RO          589    .constdata          oled.o
    0x08005c78   0x08005c78   0x00000048   Data   RO         4368    .constdata          system_stm32l4xx.o
    0x08005cc0   0x08005cc0   0x0000000c   Data   RO          240    .conststring        freertos.o
    0x08005ccc   0x08005ccc   0x00000040   Data   RO         6329    Region$$Table       anon$$obj.o


    Execution Region RW_IRAM2 (Exec base: 0x10000000, Load base: 0x08005d44, Size: 0x0000062c, Max: 0x00004000, ABSOLUTE)

    Exec Addr    Load Addr    Size         Type   Attr      Idx    E Section Name        Object

    0x10000000   0x08005d44   0x00000004   Data   RW          241    .data               freertos.o
    0x10000004   0x08005d48   0x00000004   Data   RW         4369    .data               system_stm32l4xx.o
    0x10000008   0x08005d4c   0x0000003c   Data   RW         5045    .data               tasks.o
    0x10000044   0x08005d88   0x00000014   Data   RW         5387    .data               timers.o
    0x10000058   0x08005d9c   0x00000004   Data   RW         5624    .data               cmsis_os2.o
    0x1000005c        -       0x000000fc   Zero   RW          285    .bss                i2c.o
    0x10000158        -       0x00000010   Zero   RW          335    .bss                iwdg.o
    0x10000168        -       0x000004c4   Zero   RW         5044    .bss                tasks.o


    Execution Region RW_IRAM1 (Exec base: 0x20000000, Load base: 0x08005d0c, Size: 0x00008630, Max: 0x0000c000, ABSOLUTE)

    Exec Addr    Load Addr    Size         Type   Attr      Idx    E Section Name        Object

    0x20000000   0x08005d0c   0x00000009   Data   RW          875    .data               stm32l4xx_hal.o
    0x20000009   0x08005d15   0x00000003   PAD
    0x2000000c   0x08005d18   0x00000020   Data   RW         6086    .data               heap_4.o
    0x2000002c   0x08005d38   0x0000000c   Data   RW         6142    .data               port.o
    0x20000038        -       0x00000198   Zero   RW          369    .bss                usart.o
    0x200001d0        -       0x0000004c   Zero   RW          527    .bss                stm32l4xx_hal_timebase_tim.o
    0x2000021c        -       0x00000040   Zero   RW         4610    .bss                queue.o
    0x2000025c        -       0x00000118   Zero   RW         5386    .bss                timers.o
    0x20000374        -       0x000006b8   Zero   RW         5623    .bss                cmsis_os2.o
    0x20000a2c        -       0x00003c00   Zero   RW         6085    .bss                heap_4.o
    0x2000462c   0x08005d44   0x00000004   PAD
    0x20004630        -       0x00004000   Zero   RW            1    STACK               startup_stm32l431xx.o


==============================================================================

Image component sizes


      Code (inc. data)   RO Data    RW Data    ZI Data      Debug   Object Name

       430         38          0          4       1720      65039   cmsis_os2.o
         0          0          0          0          0      19436   event_groups.o
        42         14         48          4          0       1685   freertos.o
       116          6          0          0          0        863   gpio.o
       724         74          0         32      15360       4839   heap_4.o
       652         66          0          0        252       3067   i2c.o
        44         10          0          0         16        683   iwdg.o
       148          0          0          0          0       3542   list.o
       322         10          0          0          0     702472   main.o
       966         40       2072          0          0       8260   oled.o
      1046         92          0         12          0      11641   port.o
      1928         20          0          0         64      17332   queue.o
        36          8        396          0      16384        832   startup_stm32l431xx.o
       106         18          0          9          0      11922   stm32l4xx_hal.o
       266         22          0          0          0      33550   stm32l4xx_hal_cortex.o
       182          0          0          0          0       1747   stm32l4xx_hal_dma.o
       458         30          0          0          0       2032   stm32l4xx_hal_gpio.o
       216          4          0          0          0       2759   stm32l4xx_hal_i2c.o
       210          0          0          0          0       1935   stm32l4xx_hal_i2c_ex.o
       116          0          0          0          0       1300   stm32l4xx_hal_iwdg.o
        72          4          0          0          0        842   stm32l4xx_hal_msp.o
       156         18          0          0          0       1346   stm32l4xx_hal_pwr_ex.o
      2852        118          0          0          0       8013   stm32l4xx_hal_rcc.o
      1296         26          0          0          0       2868   stm32l4xx_hal_rcc_ex.o
       780         26          0          0          0       6546   stm32l4xx_hal_tim.o
         6          0          0          0          0       2168   stm32l4xx_hal_tim_ex.o
       156         22          0          0         76       1411   stm32l4xx_hal_timebase_tim.o
      2594         58          0          0          0      10847   stm32l4xx_hal_uart.o
         2          0          0          0          0        968   stm32l4xx_hal_uart_ex.o
        86         24          0          0          0       4768   stm32l4xx_it.o
         0          0          0          0          0        396   stream_buffer.o
        20          6         72          4          0       1173   system_stm32l4xx.o
      2826        346          0         60       1220      27302   tasks.o
      1318        124          0         20        280      32771   timers.o
       628         46          0          0        408       3108   usart.o

    ----------------------------------------------------------------------
     20838       1270       2652        148      35784     999463   Object Totals
         0          0         64          0          0          0   (incl. Generated)
        38          0          0          3          4          0   (incl. Padding)

    ----------------------------------------------------------------------

      Code (inc. data)   RO Data    RW Data    ZI Data      Debug   Library Member Name

         0          0          0          0          0          0   entry.o
         0          0          0          0          0          0   entry10a.o
         0          0          0          0          0          0   entry11a.o
         4          0          0          0          0          0   entry12b.o
         8          4          0          0          0          0   entry2.o
         4          0          0          0          0          0   entry5.o
         0          0          0          0          0          0   entry7b.o
         0          0          0          0          0          0   entry8b.o
         8          4          0          0          0          0   entry9a.o
        30          0          0          0          0          0   handlers.o
        36          8          0          0          0         68   init.o
        30          0          0          0          0         68   llshl.o
        32          0          0          0          0         68   llushr.o
        36          0          0          0          0         68   memcpya.o
        36          0          0          0          0        108   memseta.o
       104          0          0          0          0         92   uldiv.o

    ----------------------------------------------------------------------
       330         16          0          0          0        472   Library Totals
         2          0          0          0          0          0   (incl. Padding)

    ----------------------------------------------------------------------

      Code (inc. data)   RO Data    RW Data    ZI Data      Debug   Library Name

       328         16          0          0          0        472   mc_w.l

    ----------------------------------------------------------------------
       330         16          0          0          0        472   Library Totals

    ----------------------------------------------------------------------

==============================================================================


      Code (inc. data)   RO Data    RW Data    ZI Data      Debug   

     21168       1286       2652        148      35784     983683   Grand Totals
     21168       1286       2652        148      35784     983683   ELF Image Totals
     21168       1286       2652        148          0          0   ROM Totals

==============================================================================

    Total RO  Size (Code + RO Data)                23820 (  23.26kB)
    Total RW  Size (RW Data + ZI Data)             35932 (  35.09kB)
    Total ROM Size (Code + RO Data + RW Data)      23968 (  23.41kB)

==============================================================================

