   text	   data	    bss	    dec	    hex	filename
 199798	   3492	302127168	302330458	1205325a	A_Radar_V11.elf
'Finished building: A_Radar_V11.elf.size'
' '
16:55:52 **** Build of project system_wrapper ****
buildplatform.bat 57255 system_wrapper  
XSDB Server Channel: tcfchan#2
Failed to generate the platform.
Reason: Error: Qemu arguments File given  D:/Xilinx/Vitis/2021.1/data/emulation/platforms/zynq/sw/a9_standalone/qemu/qemu_args.txt do not exist
    invoked from within
"::tcf::eval -progress {apply {{msg} {puts $msg}}} {tcf_send_command tcfchan#0 xsdb eval s es {{platform active system_wrapper; platform generate }}}"
    (procedure "::tcf::send_command" line 4)
    invoked from within
"tcf send_command $::xsdb::curchan xsdb eval s es [list "platform active $PLATFORM_NAME; platform generate $target"]"
    invoked from within
"if { $iswindows == 1 } {    

    set XSDB_PORT [lindex $argv 0]
    set PLATFORM_NAME [lindex $argv 1]
    set arglen [llength $argv]
    set lastind..."
    (file "E:/Xilinx2021/Vitis/2021.1\scripts\vitis\util\buildplatform.tcl" line 11)
16:55:53 **** Incremental Build of configuration Debug for project A_Radar_V11 ****
make all 
make --no-print-directory pre-build
a9-linaro-pre-build-step
' '
make --no-print-directory main-build
make[1]: Nothing to be done for 'main-build'.
16:55:54 **** Build of configuration Debug for project A_Radar_V11_system ****
make all 
Generating bif file for the system project
generate_system_bif.bat 57255 D:/ASUS-PC/Desktop/temporary/A_Rada_V1.1/vitis/system_wrapper/export/system_wrapper/system_wrapper.xpfm freertos10_xilinx_ps7_cortexa9_0 D:/ASUS-PC/Desktop/temporary/A_Rada_V1.1/vitis/A_Radar_V11_system/Debug/system.bif
sdcard_gen --xpfm D:/ASUS-PC/Desktop/temporary/A_Rada_V1.1/vitis/system_wrapper/export/system_wrapper/system_wrapper.xpfm --sys_config system_wrapper --bif D:/ASUS-PC/Desktop/temporary/A_Rada_V1.1/vitis/A_Radar_V11_system/Debug/system.bif --bitstream D:/ASUS-PC/Desktop/temporary/A_Rada_V1.1/vitis/A_Radar_V11/_ide/bitstream/system_wrapper.bit --elf D:/ASUS-PC/Desktop/temporary/A_Rada_V1.1/vitis/A_Radar_V11/Debug/A_Radar_V11.elf,ps7_cortexa9_0
creating BOOT.BIN using D:/ASUS-PC/Desktop/temporary/A_Rada_V1.1/vitis/A_Radar_V11/_ide/bitstream/system_wrapper.bit
Running E:/Xilinx2021/Vitis/2021.1/bin/bootgen  -image D:/ASUS-PC/Desktop/temporary/A_Rada_V1.1/vitis/A_Radar_V11_system/Debug/sd_card_temp/boot.bif -w -o i BOOT.BIN
