<html>
<body>
<pre>
<h1>µVision Build Log</h1>
<h2>Tool Versions:</h2>
IDE-Version: ¦ÌVision V5.35.0.0
Copyright (C) 2021 ARM Ltd and ARM Germany GmbH. All rights reserved.
License Information: 1231 123, 123, LIC=LSNXV-PDV3T-QDCKD-8Q7I8-N60JB-QXQEH
 
Tool Versions:
Toolchain:       MDK-ARM Plus  Version: 5.35.0.2
Toolchain Path:  D:\APP\keill5\ARM\ARMCC\Bin
C Compiler:      Armcc.exe V5.06 update 7 (build 960)
Assembler:       Armasm.exe V5.06 update 7 (build 960)
Linker/Locator:  ArmLink.exe V5.06 update 7 (build 960)
Library Manager: ArmAr.exe V5.06 update 7 (build 960)
Hex Converter:   FromElf.exe V5.06 update 7 (build 960)
CPU DLL:         SARMCM3.DLL V5.35.0.2
Dialog DLL:      DCM.DLL V1.17.3.0
Target DLL:      STLink\ST-LINKIII-KEIL_SWO.dll V3.0.9.0
Dialog DLL:      TCM.DLL V1.53.0.0
 
<h2>Project:</h2>
D:\ASUS-PC\Desktop\SCH_Schematic_F412\MDK-ARM\SCH_Schematic_F412.uvprojx
Project File Date:  06/03/2025

<h2>Output:</h2>
*** Using Compiler 'V5.06 update 7 (build 960)', folder: 'D:\APP\keill5\ARM\ARMCC\Bin'
Rebuild target 'SCH_Schematic_F412'
assembling startup_stm32f412rx.s...
compiling iwdg.c...
./SCH_Schematic_F412/Inc/oled.h(46): warning:  #1295-D: Deprecated declaration Picture - give arg types
  void Picture();
./SCH_Schematic_F412/Inc/oled.h(47): warning:  #1295-D: Deprecated declaration IIC_Start - give arg types
  void IIC_Start();
./SCH_Schematic_F412/Inc/oled.h(48): warning:  #1295-D: Deprecated declaration IIC_Stop - give arg types
  void IIC_Stop();
./SCH_Schematic_F412/Inc/oled.h(53): warning:  #1295-D: Deprecated declaration IIC_Wait_Ack - give arg types
  void IIC_Wait_Ack();
../Core/Src/iwdg.c: 4 warnings, 0 errors
compiling stm32f4xx_hal_timebase_tim.c...
compiling stm32f4xx_it.c...
./SCH_Schematic_F412/Inc/oled.h(46): warning:  #1295-D: Deprecated declaration Picture - give arg types
  void Picture();
./SCH_Schematic_F412/Inc/oled.h(47): warning:  #1295-D: Deprecated declaration IIC_Start - give arg types
  void IIC_Start();
./SCH_Schematic_F412/Inc/oled.h(48): warning:  #1295-D: Deprecated declaration IIC_Stop - give arg types
  void IIC_Stop();
./SCH_Schematic_F412/Inc/oled.h(53): warning:  #1295-D: Deprecated declaration IIC_Wait_Ack - give arg types
  void IIC_Wait_Ack();
../Core/Src/stm32f4xx_it.c: 4 warnings, 0 errors
compiling softwareIIC.c...
./SCH_Schematic_F412/Inc/oled.h(46): warning:  #1295-D: Deprecated declaration Picture - give arg types
  void Picture();
./SCH_Schematic_F412/Inc/oled.h(47): warning:  #1295-D: Deprecated declaration IIC_Start - give arg types
  void IIC_Start();
./SCH_Schematic_F412/Inc/oled.h(48): warning:  #1295-D: Deprecated declaration IIC_Stop - give arg types
  void IIC_Stop();
./SCH_Schematic_F412/Inc/oled.h(53): warning:  #1295-D: Deprecated declaration IIC_Wait_Ack - give arg types
  void IIC_Wait_Ack();
SCH_Schematic_F412\Scr\softwareIIC.c: 4 warnings, 0 errors
compiling oled.c...
./SCH_Schematic_F412/Inc/oled.h(46): warning:  #1295-D: Deprecated declaration Picture - give arg types
  void Picture();
./SCH_Schematic_F412/Inc/oled.h(47): warning:  #1295-D: Deprecated declaration IIC_Start - give arg types
  void IIC_Start();
./SCH_Schematic_F412/Inc/oled.h(48): warning:  #1295-D: Deprecated declaration IIC_Stop - give arg types
  void IIC_Stop();
./SCH_Schematic_F412/Inc/oled.h(53): warning:  #1295-D: Deprecated declaration IIC_Wait_Ack - give arg types
  void IIC_Wait_Ack();
./SCH_Schematic_F412/Inc/oledfont.h(256): warning:  #1-D: last line of file ends without a newline
  #endif
SCH_Schematic_F412\Scr\oled.c(222): warning:  #177-D: variable "y"  was declared but never referenced
  		uint8_t x,y;
SCH_Schematic_F412\Scr\oled.c: 6 warnings, 0 errors
compiling stm32f4xx_hal_msp.c...
./SCH_Schematic_F412/Inc/oled.h(46): warning:  #1295-D: Deprecated declaration Picture - give arg types
  void Picture();
./SCH_Schematic_F412/Inc/oled.h(47): warning:  #1295-D: Deprecated declaration IIC_Start - give arg types
  void IIC_Start();
./SCH_Schematic_F412/Inc/oled.h(48): warning:  #1295-D: Deprecated declaration IIC_Stop - give arg types
  void IIC_Stop();
./SCH_Schematic_F412/Inc/oled.h(53): warning:  #1295-D: Deprecated declaration IIC_Wait_Ack - give arg types
  void IIC_Wait_Ack();
../Core/Src/stm32f4xx_hal_msp.c: 4 warnings, 0 errors
compiling gpio.c...
./SCH_Schematic_F412/Inc/oled.h(46): warning:  #1295-D: Deprecated declaration Picture - give arg types
  void Picture();
./SCH_Schematic_F412/Inc/oled.h(47): warning:  #1295-D: Deprecated declaration IIC_Start - give arg types
  void IIC_Start();
./SCH_Schematic_F412/Inc/oled.h(48): warning:  #1295-D: Deprecated declaration IIC_Stop - give arg types
  void IIC_Stop();
./SCH_Schematic_F412/Inc/oled.h(53): warning:  #1295-D: Deprecated declaration IIC_Wait_Ack - give arg types
  void IIC_Wait_Ack();
../Core/Src/gpio.c: 4 warnings, 0 errors
compiling freertos.c...
./SCH_Schematic_F412/Inc/oled.h(46): warning:  #1295-D: Deprecated declaration Picture - give arg types
  void Picture();
./SCH_Schematic_F412/Inc/oled.h(47): warning:  #1295-D: Deprecated declaration IIC_Start - give arg types
  void IIC_Start();
./SCH_Schematic_F412/Inc/oled.h(48): warning:  #1295-D: Deprecated declaration IIC_Stop - give arg types
  void IIC_Stop();
./SCH_Schematic_F412/Inc/oled.h(53): warning:  #1295-D: Deprecated declaration IIC_Wait_Ack - give arg types
  void IIC_Wait_Ack();
../Core/Src/freertos.c: 4 warnings, 0 errors
compiling i2c.c...
./SCH_Schematic_F412/Inc/oled.h(46): warning:  #1295-D: Deprecated declaration Picture - give arg types
  void Picture();
./SCH_Schematic_F412/Inc/oled.h(47): warning:  #1295-D: Deprecated declaration IIC_Start - give arg types
  void IIC_Start();
./SCH_Schematic_F412/Inc/oled.h(48): warning:  #1295-D: Deprecated declaration IIC_Stop - give arg types
  void IIC_Stop();
./SCH_Schematic_F412/Inc/oled.h(53): warning:  #1295-D: Deprecated declaration IIC_Wait_Ack - give arg types
  void IIC_Wait_Ack();
../Core/Src/i2c.c: 4 warnings, 0 errors
compiling stm32f4xx_hal_flash_ramfunc.c...
compiling usart.c...
./SCH_Schematic_F412/Inc/oled.h(46): warning:  #1295-D: Deprecated declaration Picture - give arg types
  void Picture();
./SCH_Schematic_F412/Inc/oled.h(47): warning:  #1295-D: Deprecated declaration IIC_Start - give arg types
  void IIC_Start();
./SCH_Schematic_F412/Inc/oled.h(48): warning:  #1295-D: Deprecated declaration IIC_Stop - give arg types
  void IIC_Stop();
./SCH_Schematic_F412/Inc/oled.h(53): warning:  #1295-D: Deprecated declaration IIC_Wait_Ack - give arg types
  void IIC_Wait_Ack();
../Core/Src/usart.c: 4 warnings, 0 errors
compiling main.c...
./SCH_Schematic_F412/Inc/oled.h(46): warning:  #1295-D: Deprecated declaration Picture - give arg types
  void Picture();
./SCH_Schematic_F412/Inc/oled.h(47): warning:  #1295-D: Deprecated declaration IIC_Start - give arg types
  void IIC_Start();
./SCH_Schematic_F412/Inc/oled.h(48): warning:  #1295-D: Deprecated declaration IIC_Stop - give arg types
  void IIC_Stop();
./SCH_Schematic_F412/Inc/oled.h(53): warning:  #1295-D: Deprecated declaration IIC_Wait_Ack - give arg types
  void IIC_Wait_Ack();
../Core/Src/main.c: 4 warnings, 0 errors
compiling stm32f4xx_hal_flash_ex.c...
compiling stm32f4xx_hal_flash.c...
compiling stm32f4xx_hal_gpio.c...
compiling stm32f4xx_hal_dma_ex.c...
compiling stm32f4xx_hal_dma.c...
compiling stm32f4xx_hal_rcc.c...
compiling stm32f4xx_hal_rcc_ex.c...
compiling croutine.c...
compiling list.c...
compiling event_groups.c...
compiling timers.c...
compiling stream_buffer.c...
compiling queue.c...
compiling tasks.c...
compiling heap_4.c...
compiling stm32f4xx_hal_pwr.c...
compiling port.c...
compiling stm32f4xx_hal_pwr_ex.c...
compiling stm32f4xx_hal_cortex.c...
compiling stm32f4xx_hal.c...
compiling stm32f4xx_hal_i2c_ex.c...
compiling stm32f4xx_hal_iwdg.c...
compiling stm32f4xx_hal_exti.c...
compiling system_stm32f4xx.c...
compiling stm32f4xx_hal_tim_ex.c...
compiling stm32f4xx_hal_uart.c...
compiling stm32f4xx_hal_i2c.c...
compiling stm32f4xx_hal_tim.c...
compiling cmsis_os2.c...
linking...
Program Size: Code=5180 RO-data=508 RW-data=76 ZI-data=17676  
FromELF: creating hex file...
"SCH_Schematic_F412\SCH_Schematic_F412.axf" - 0 Error(s), 42 Warning(s).

<h2>Software Packages used:</h2>

Package Vendor: ARM
                http://www.keil.com/pack/ARM.CMSIS.5.8.0.pack
                ARM.CMSIS.5.8.0
                CMSIS (Common Microcontroller Software Interface Standard)
   * Component: CORE Version: 5.5.0

Package Vendor: Keil
                http://www.keil.com/pack/Keil.STM32F4xx_DFP.2.15.0.pack
                Keil.STM32F4xx_DFP.2.15.0
                STMicroelectronics STM32F4 Series Device Support, Drivers and Examples

<h2>Collection of Component include folders:</h2>
  .\RTE\_SCH_Schematic_F412
  D:\APP\keill5\packs\ARM\CMSIS\5.8.0\CMSIS\Core\Include
  D:\APP\keill5\packs\Keil\STM32F4xx_DFP\2.15.0\Drivers\CMSIS\Device\ST\STM32F4xx\Include

<h2>Collection of Component Files used:</h2>

   * Component: ARM::CMSIS:CORE:5.5.0
      Include file:  CMSIS\Core\Include\tz_context.h
Build Time Elapsed:  00:00:07
</pre>
</body>
</html>
